Component: ARM Compiler 5.06 update 4 (build 422) Tool: armlink [4d35d2]

==============================================================================

Section Cross References

    startup_stm32f407xx.o(RESET) refers to startup_stm32f407xx.o(STACK) for __initial_sp
    startup_stm32f407xx.o(RESET) refers to startup_stm32f407xx.o(.text) for Reset_Handler
    startup_stm32f407xx.o(RESET) refers to stm32f4xx_it.o(i.NMI_Handler) for NMI_Handler
    startup_stm32f407xx.o(RESET) refers to stm32f4xx_it.o(i.HardFault_Handler) for HardFault_Handler
    startup_stm32f407xx.o(RESET) refers to stm32f4xx_it.o(i.MemManage_Handler) for MemManage_Handler
    startup_stm32f407xx.o(RESET) refers to stm32f4xx_it.o(i.BusFault_Handler) for BusFault_Handler
    startup_stm32f407xx.o(RESET) refers to stm32f4xx_it.o(i.UsageFault_Handler) for UsageFault_Handler
    startup_stm32f407xx.o(RESET) refers to port.o(.emb_text) for SVC_Handler
    startup_stm32f407xx.o(RESET) refers to stm32f4xx_it.o(i.DebugMon_Handler) for DebugMon_Handler
    startup_stm32f407xx.o(RESET) refers to stm32f4xx_it.o(i.SysTick_Handler) for SysTick_Handler
    startup_stm32f407xx.o(RESET) refers to stm32f4xx_it.o(i.EXTI1_IRQHandler) for EXTI1_IRQHandler
    startup_stm32f407xx.o(RESET) refers to stm32f4xx_it.o(i.DMA1_Stream1_IRQHandler) for DMA1_Stream1_IRQHandler
    startup_stm32f407xx.o(RESET) refers to stm32f4xx_it.o(i.USART3_IRQHandler) for USART3_IRQHandler
    startup_stm32f407xx.o(RESET) refers to stm32f4xx_it.o(i.TIM6_DAC_IRQHandler) for TIM6_DAC_IRQHandler
    startup_stm32f407xx.o(RESET) refers to stm32f4xx_it.o(i.TIM7_IRQHandler) for TIM7_IRQHandler
    startup_stm32f407xx.o(RESET) refers to stm32f4xx_it.o(i.DMA2_Stream1_IRQHandler) for DMA2_Stream1_IRQHandler
    startup_stm32f407xx.o(RESET) refers to stm32f4xx_it.o(i.USART6_IRQHandler) for USART6_IRQHandler
    startup_stm32f407xx.o(.text) refers to system_stm32f4xx.o(i.SystemInit) for SystemInit
    startup_stm32f407xx.o(.text) refers to entry.o(.ARM.Collect$$$$00000000) for __main
    stm32f4xx_hal_timebase_tim.o(i.HAL_InitTick) refers to stm32f4xx_hal_cortex.o(i.HAL_NVIC_SetPriority) for HAL_NVIC_SetPriority
    stm32f4xx_hal_timebase_tim.o(i.HAL_InitTick) refers to stm32f4xx_hal_cortex.o(i.HAL_NVIC_EnableIRQ) for HAL_NVIC_EnableIRQ
    stm32f4xx_hal_timebase_tim.o(i.HAL_InitTick) refers to stm32f4xx_hal_rcc.o(i.HAL_RCC_GetClockConfig) for HAL_RCC_GetClockConfig
    stm32f4xx_hal_timebase_tim.o(i.HAL_InitTick) refers to stm32f4xx_hal_rcc.o(i.HAL_RCC_GetPCLK1Freq) for HAL_RCC_GetPCLK1Freq
    stm32f4xx_hal_timebase_tim.o(i.HAL_InitTick) refers to stm32f4xx_hal_tim.o(i.HAL_TIM_Base_Init) for HAL_TIM_Base_Init
    stm32f4xx_hal_timebase_tim.o(i.HAL_InitTick) refers to stm32f4xx_hal_tim.o(i.HAL_TIM_Base_Start_IT) for HAL_TIM_Base_Start_IT
    stm32f4xx_hal_timebase_tim.o(i.HAL_InitTick) refers to stm32f4xx_hal_timebase_tim.o(.bss) for .bss
    stm32f4xx_hal_timebase_tim.o(i.HAL_ResumeTick) refers to stm32f4xx_hal_timebase_tim.o(.bss) for .bss
    stm32f4xx_hal_timebase_tim.o(i.HAL_SuspendTick) refers to stm32f4xx_hal_timebase_tim.o(.bss) for .bss
    gpio.o(i.MX_GPIO_Init) refers to stm32f4xx_hal_gpio.o(i.HAL_GPIO_WritePin) for HAL_GPIO_WritePin
    gpio.o(i.MX_GPIO_Init) refers to stm32f4xx_hal_gpio.o(i.HAL_GPIO_Init) for HAL_GPIO_Init
    gpio.o(i.MX_GPIO_Init) refers to stm32f4xx_hal_cortex.o(i.HAL_NVIC_SetPriority) for HAL_NVIC_SetPriority
    gpio.o(i.MX_GPIO_Init) refers to stm32f4xx_hal_cortex.o(i.HAL_NVIC_EnableIRQ) for HAL_NVIC_EnableIRQ
    stm32f4xx_it.o(i.DMA1_Stream1_IRQHandler) refers to stm32f4xx_hal_dma.o(i.HAL_DMA_IRQHandler) for HAL_DMA_IRQHandler
    stm32f4xx_it.o(i.DMA1_Stream1_IRQHandler) refers to usart.o(.bss) for hdma_usart3_rx
    stm32f4xx_it.o(i.DMA2_Stream1_IRQHandler) refers to stm32f4xx_hal_dma.o(i.HAL_DMA_IRQHandler) for HAL_DMA_IRQHandler
    stm32f4xx_it.o(i.DMA2_Stream1_IRQHandler) refers to usart.o(.bss) for hdma_usart6_rx
    stm32f4xx_it.o(i.EXTI1_IRQHandler) refers to stm32f4xx_hal_gpio.o(i.HAL_GPIO_EXTI_IRQHandler) for HAL_GPIO_EXTI_IRQHandler
    stm32f4xx_it.o(i.HAL_GPIO_EXTI_Callback) refers to stm32f4xx_hal_tim.o(i.HAL_TIM_Base_Stop_IT) for HAL_TIM_Base_Stop_IT
    stm32f4xx_it.o(i.HAL_GPIO_EXTI_Callback) refers to stm32f4xx_hal_tim.o(i.HAL_TIM_Base_Start_IT) for HAL_TIM_Base_Start_IT
    stm32f4xx_it.o(i.HAL_GPIO_EXTI_Callback) refers to stm32f4xx_it.o(.data) for .data
    stm32f4xx_it.o(i.HAL_GPIO_EXTI_Callback) refers to tim.o(.bss) for htim7
    stm32f4xx_it.o(i.HAL_GPIO_EXTI_Callback) refers to car_task.o(.data) for Distence
    stm32f4xx_it.o(i.HAL_UART_RxCpltCallback) refers to stm32f4xx_hal_uart.o(i.HAL_UART_Receive_DMA) for HAL_UART_Receive_DMA
    stm32f4xx_it.o(i.HAL_UART_RxCpltCallback) refers to car_task.o(.data) for CCD
    stm32f4xx_it.o(i.HAL_UART_RxCpltCallback) refers to usart.o(.bss) for huart3
    stm32f4xx_it.o(i.SysTick_Handler) refers to cmsis_os.o(i.osSystickHandler) for osSystickHandler
[...]
    DMA2_Stream4_IRQHandler                  0x08000273   Thumb Code     0  startup_stm32f407xx.o(.text)
    DMA2_Stream5_IRQHandler                  0x08000273   Thumb Code     0  startup_stm32f407xx.o(.text)
    DMA2_Stream6_IRQHandler                  0x08000273   Thumb Code     0  startup_stm32f407xx.o(.text)
    DMA2_Stream7_IRQHandler                  0x08000273   Thumb Code     0  startup_stm32f407xx.o(.text)
    ETH_IRQHandler                           0x08000273   Thumb Code     0  startup_stm32f407xx.o(.text)
    ETH_WKUP_IRQHandler                      0x08000273   Thumb Code     0  startup_stm32f407xx.o(.text)
    EXTI0_IRQHandler                         0x08000273   Thumb Code     0  startup_stm32f407xx.o(.text)
    EXTI15_10_IRQHandler                     0x08000273   Thumb Code     0  startup_stm32f407xx.o(.text)
    EXTI2_IRQHandler                         0x08000273   Thumb Code     0  startup_stm32f407xx.o(.text)
    EXTI3_IRQHandler                         0x08000273   Thumb Code     0  startup_stm32f407xx.o(.text)
    EXTI4_IRQHandler                         0x08000273   Thumb Code     0  startup_stm32f407xx.o(.text)
    EXTI9_5_IRQHandler                       0x08000273   Thumb Code     0  startup_stm32f407xx.o(.text)
    FLASH_IRQHandler                         0x08000273   Thumb Code     0  startup_stm32f407xx.o(.text)
    FMC_IRQHandler                           0x08000273   Thumb Code     0  startup_stm32f407xx.o(.text)
    FPU_IRQHandler                           0x08000273   Thumb Code     0  startup_stm32f407xx.o(.text)
    HASH_RNG_IRQHandler                      0x08000273   Thumb Code     0  startup_stm32f407xx.o(.text)
    I2C1_ER_IRQHandler                       0x08000273   Thumb Code     0  startup_stm32f407xx.o(.text)
    I2C1_EV_IRQHandler                       0x08000273   Thumb Code     0  startup_stm32f407xx.o(.text)
    I2C2_ER_IRQHandler                       0x08000273   Thumb Code     0  startup_stm32f407xx.o(.text)
    I2C2_EV_IRQHandler                       0x08000273   Thumb Code     0  startup_stm32f407xx.o(.text)
    I2C3_ER_IRQHandler                       0x08000273   Thumb Code     0  startup_stm32f407xx.o(.text)
    I2C3_EV_IRQHandler                       0x08000273   Thumb Code     0  startup_stm32f407xx.o(.text)
    OTG_FS_IRQHandler                        0x08000273   Thumb Code     0  startup_stm32f407xx.o(.text)
    OTG_FS_WKUP_IRQHandler                   0x08000273   Thumb Code     0  startup_stm32f407xx.o(.text)
    OTG_HS_EP1_IN_IRQHandler                 0x08000273   Thumb Code     0  startup_stm32f407xx.o(.text)
    OTG_HS_EP1_OUT_IRQHandler                0x08000273   Thumb Code     0  startup_stm32f407xx.o(.text)
    OTG_HS_IRQHandler                        0x08000273   Thumb Code     0  startup_stm32f407xx.o(.text)
    OTG_HS_WKUP_IRQHandler                   0x08000273   Thumb Code     0  startup_stm32f407xx.o(.text)
    PVD_IRQHandler                           0x08000273   Thumb Code     0  startup_stm32f407xx.o(.text)
    RCC_IRQHandler                           0x08000273   Thumb Code     0  startup_stm32f407xx.o(.text)
    RTC_Alarm_IRQHandler                     0x08000273   Thumb Code     0  startup_stm32f407xx.o(.text)
    RTC_WKUP_IRQHandler                      0x08000273   Thumb Code     0  startup_stm32f407xx.o(.text)
    SDIO_IRQHandler                          0x08000273   Thumb Code     0  startup_stm32f407xx.o(.text)
    SPI1_IRQHandler                          0x08000273   Thumb Code     0  startup_stm32f407xx.o(.text)
    SPI2_IRQHandler                          0x08000273   Thumb Code     0  startup_stm32f407xx.o(.text)
    SPI3_IRQHandler                          0x08000273   Thumb Code     0  startup_stm32f407xx.o(.text)
    TAMP_STAMP_IRQHandler                    0x08000273   Thumb Code     0  startup_stm32f407xx.o(.text)
    TIM1_BRK_TIM9_IRQHandler                 0x08000273   Thumb Code     0  startup_stm32f407xx.o(.text)
    TIM1_CC_IRQHandler                       0x08000273   Thumb Code     0  startup_stm32f407xx.o(.text)
    TIM1_TRG_COM_TIM11_IRQHandler            0x08000273   Thumb Code     0  startup_stm32f407xx.o(.text)
    TIM1_UP_TIM10_IRQHandler                 0x08000273   Thumb Code     0  startup_stm32f407xx.o(.text)
    TIM2_IRQHandler                          0x08000273   Thumb Code     0  startup_stm32f407xx.o(.text)
    TIM3_IRQHandler                          0x08000273   Thumb Code     0  startup_stm32f407xx.o(.text)
    TIM4_IRQHandler                          0x08000273   Thumb Code     0  startup_stm32f407xx.o(.text)
    TIM5_IRQHandler                          0x08000273   Thumb Code     0  startup_stm32f407xx.o(.text)
    TIM8_BRK_TIM12_IRQHandler                0x08000273   Thumb Code     0  startup_stm32f407xx.o(.text)
    TIM8_CC_IRQHandler                       0x08000273   Thumb Code     0  startup_stm32f407xx.o(.text)
    TIM8_TRG_COM_TIM14_IRQHandler            0x08000273   Thumb Code     0  startup_stm32f407xx.o(.text)
    TIM8_UP_TIM13_IRQHandler                 0x08000273   Thumb Code     0  startup_stm32f407xx.o(.text)
    UART4_IRQHandler                         0x08000273   Thumb Code     0  startup_stm32f407xx.o(.text)
    UART5_IRQHandler                         0x08000273   Thumb Code     0  startup_stm32f407xx.o(.text)
    USART1_IRQHandler                        0x08000273   Thumb Code     0  startup_stm32f407xx.o(.text)
    USART2_IRQHandler                        0x08000273   Thumb Code     0  startup_stm32f407xx.o(.text)
    WWDG_IRQHandler                          0x08000273   Thumb Code     0  startup_stm32f407xx.o(.text)
    __aeabi_uldivmod                         0x0800027d   Thumb Code    98  uldiv.o(.text)
    __aeabi_memcpy                           0x080002df   Thumb Code    36  memcpya.o(.text)
    __aeabi_memcpy4                          0x080002df   Thumb Code     0  memcpya.o(.text)
    __aeabi_memcpy8                          0x080002df   Thumb Code     0  memcpya.o(.text)
    __aeabi_memset                           0x08000303   Thumb Code    14  memseta.o(.text)
    __aeabi_memset4                          0x08000303   Thumb Code     0  memseta.o(.text)
    __aeabi_memset8                          0x08000303   Thumb Code     0  memseta.o(.text)
    __aeabi_memclr                           0x08000311   Thumb Code     4  memseta.o(.text)
    __aeabi_memclr4                          0x08000311   Thumb Code     0  memseta.o(.text)
    __aeabi_memclr8                          0x08000311   Thumb Code     0  memseta.o(.text)
    _memset$wrapper                          0x08000315   Thumb Code    18  memseta.o(.text)
    strstr                                   0x08000327   Thumb Code    36  strstr.o(.text)
    strlen                                   0x0800034b   Thumb Code    14  strlen.o(.text)
    memcmp                                   0x08000359   Thumb Code    26  memcmp.o(.text)
    __aeabi_dadd                             0x08000373   Thumb Code   322  dadd.o(.text)
    __aeabi_dsub                             0x080004b5   Thumb Code     6  dadd.o(.text)
    __aeabi_drsub                            0x080004bb   Thumb Code     6  dadd.o(.text)
    __aeabi_dmul                             0x080004c1   Thumb Code   228  dmul.o(.text)
    __aeabi_ddiv                             0x080005a5   Thumb Code   222  ddiv.o(.text)
    __aeabi_i2d                              0x08000683   Thumb Code    34  dflti.o(.text)
    __aeabi_d2uiz                            0x080006a5   Thumb Code    50  dfixui.o(.text)
    __aeabi_f2d                              0x080006d7   Thumb Code    38  f2d.o(.text)
    __aeabi_d2f                              0x080006fd   Thumb Code    56  d2f.o(.text)
    __aeabi_uidiv                            0x08000735   Thumb Code     0  uidiv.o(.text)
    __aeabi_uidivmod                         0x08000735   Thumb Code    44  uidiv.o(.text)
    __aeabi_llsl                             0x08000761   Thumb Code    30  llshl.o(.text)
    _ll_shift_l                              0x08000761   Thumb Code     0  llshl.o(.text)
    __aeabi_llsr                             0x0800077f   Thumb Code    32  llushr.o(.text)
    _ll_ushift_r                             0x0800077f   Thumb Code     0  llushr.o(.text)
    __aeabi_lasr                             0x0800079f   Thumb Code    36  llsshr.o(.text)
    _ll_sshift_r                             0x0800079f   Thumb Code     0  llsshr.o(.text)
    __I$use$fp                               0x080007c3   Thumb Code     0  iusefp.o(.text)
    _float_round                             0x080007c3   Thumb Code    18  fepilogue.o(.text)
    _float_epilogue                          0x080007d5   Thumb Code    92  fepilogue.o(.text)
    _double_round                            0x08000831   Thumb Code    30  depilogue.o(.text)
    _double_epilogue                         0x0800084f   Thumb Code   156  depilogue.o(.text)
    __aeabi_d2ulz                            0x080008eb   Thumb Code    48  dfixul.o(.text)
    __aeabi_cdrcmple                         0x0800091d   Thumb Code    48  cdrcmple.o(.text)
    __scatterload                            0x0800094d   Thumb Code    28  init.o(.text)
    __scatterload_rt2                        0x0800094d   Thumb Code     0  init.o(.text)
    _dsqrt                                   0x08000971   Thumb Code   162  dsqrt.o(.text)
    __decompress                             0x08000a13   Thumb Code     0  __dclz77c.o(.text)
    __decompress2                            0x08000a13   Thumb Code    94  __dclz77c.o(.text)
    ANO_CCD_SEN                              0x08000bf9   Thumb Code    50  connect.o(i.ANO_CCD_SEN)
    ANO_MOTO                                 0x08000c35   Thumb Code    50  connect.o(i.ANO_MOTO)
    BusFault_Handler                         0x08000ded   Thumb Code     2  stm32f4xx_it.o(i.BusFault_Handler)
    Car_Task_100HZ                           0x08000df1   Thumb Code   180  car_task.o(i.Car_Task_100HZ)
    Car_Task_200HZ                           0x08000ead   Thumb Code    30  car_task.o(i.Car_Task_200HZ)
    Car_Task_5HZ                             0x08000ed5   Thumb Code    14  car_task.o(i.Car_Task_5HZ)
    CompareTime                              0x08000ee3   Thumb Code    26  delay.o(i.CompareTime)
    Connect_Send_data                        0x08000efd   Thumb Code   112  connect.o(i.Connect_Send_data)
    DMA1_Stream1_IRQHandler                  0x08000f79   Thumb Code     6  stm32f4xx_it.o(i.DMA1_Stream1_IRQHandler)
    DMA2_Stream1_IRQHandler                  0x08000f85   Thumb Code     6  stm32f4xx_it.o(i.DMA2_Stream1_IRQHandler)
    DebugMon_Handler                         0x08001035   Thumb Code     2  stm32f4xx_it.o(i.DebugMon_Handler)
    Directory_Show                           0x08001039   Thumb Code    52  oled_show.o(i.Directory_Show)
    EP32_RcvData_Extract                     0x08001071   Thumb Code   174  connect.o(i.EP32_RcvData_Extract)
    ESP32_Cmd_Rcv                            0x08001129   Thumb Code    78  esp32.o(i.ESP32_Cmd_Rcv)
    ESP32_Data_Rcv                           0x08001185   Thumb Code   146  esp32.o(i.ESP32_Data_Rcv)
    ESP32_Init                               0x08001251   Thumb Code    52  esp32.o(i.ESP32_Init)
    ESP32_Send_Data                          0x08001289   Thumb Code   142  esp32.o(i.ESP32_Send_Data)
    ESPSend_Cmd                              0x08001351   Thumb Code    88  esp32.o(i.ESPSend_Cmd)
    EXTI1_IRQHandler                         0x080013b1   Thumb Code     6  stm32f4xx_it.o(i.EXTI1_IRQHandler)
    Get_battery_volt                         0x080013b9   Thumb Code    50  car_system.o(i.Get_battery_volt)
    HAL_ADC_ConfigChannel                    0x080013f1   Thumb Code   316  stm32f4xx_hal_adc.o(i.HAL_ADC_ConfigChannel)
    HAL_ADC_GetValue                         0x0800153d   Thumb Code     6  stm32f4xx_hal_adc.o(i.HAL_ADC_GetValue)
    HAL_ADC_Init                             0x08001543   Thumb Code    84  stm32f4xx_hal_adc.o(i.HAL_ADC_Init)
    HAL_ADC_MspInit                          0x08001599   Thumb Code    54  adc.o(i.HAL_ADC_MspInit)
    HAL_ADC_PollForConversion                0x080015dd   Thumb Code   162  stm32f4xx_hal_adc.o(i.HAL_ADC_PollForConversion)
    HAL_ADC_Start                            0x08001681   Thumb Code   170  stm32f4xx_hal_adc.o(i.HAL_ADC_Start)
    HAL_DMA_Abort                            0x0800173d   Thumb Code   142  stm32f4xx_hal_dma.o(i.HAL_DMA_Abort)
    HAL_DMA_Abort_IT                         0x080017cb   Thumb Code    36  stm32f4xx_hal_dma.o(i.HAL_DMA_Abort_IT)
    HAL_DMA_IRQHandler                       0x080017f1   Thumb Code   412  stm32f4xx_hal_dma.o(i.HAL_DMA_IRQHandler)
    HAL_DMA_Init                             0x08001991   Thumb Code   206  stm32f4xx_hal_dma.o(i.HAL_DMA_Init)
    HAL_DMA_Start_IT                         0x08001a65   Thumb Code   120  stm32f4xx_hal_dma.o(i.HAL_DMA_Start_IT)
    HAL_Delay                                0x08001add   Thumb Code    32  stm32f4xx_hal.o(i.HAL_Delay)
    HAL_GPIO_EXTI_Callback                   0x08001b01   Thumb Code    88  stm32f4xx_it.o(i.HAL_GPIO_EXTI_Callback)
    HAL_GPIO_EXTI_IRQHandler                 0x08001b6d   Thumb Code    18  stm32f4xx_hal_gpio.o(i.HAL_GPIO_EXTI_IRQHandler)
    HAL_GPIO_Init                            0x08001b85   Thumb Code   388  stm32f4xx_hal_gpio.o(i.HAL_GPIO_Init)
    HAL_GPIO_ReadPin                         0x08001d35   Thumb Code    10  stm32f4xx_hal_gpio.o(i.HAL_GPIO_ReadPin)
    HAL_GPIO_TogglePin                       0x08001d3f   Thumb Code     8  stm32f4xx_hal_gpio.o(i.HAL_GPIO_TogglePin)
    HAL_GPIO_WritePin                        0x08001d47   Thumb Code    10  stm32f4xx_hal_gpio.o(i.HAL_GPIO_WritePin)
    HAL_GetTick                              0x08001d51   Thumb Code     6  stm32f4xx_hal.o(i.HAL_GetTick)
    HAL_IncTick                              0x08001d5d   Thumb Code    12  stm32f4xx_hal.o(i.HAL_IncTick)
    HAL_Init                                 0x08001d6d   Thumb Code    48  stm32f4xx_hal.o(i.HAL_Init)
    HAL_InitTick                             0x08001da1   Thumb Code   100  stm32f4xx_hal_timebase_tim.o(i.HAL_InitTick)
    HAL_MspInit                              0x08001e15   Thumb Code    88  stm32f4xx_hal_msp.o(i.HAL_MspInit)
    HAL_NVIC_EnableIRQ                       0x08001e6d   Thumb Code    22  stm32f4xx_hal_cortex.o(i.HAL_NVIC_EnableIRQ)
    HAL_NVIC_SetPriority                     0x08001e85   Thumb Code    60  stm32f4xx_hal_cortex.o(i.HAL_NVIC_SetPriority)
    HAL_NVIC_SetPriorityGrouping             0x08001ec5   Thumb Code    26  stm32f4xx_hal_cortex.o(i.HAL_NVIC_SetPriorityGrouping)
    HAL_RCC_ClockConfig                      0x08001ee9   Thumb Code   286  stm32f4xx_hal_rcc.o(i.HAL_RCC_ClockConfig)
    HAL_RCC_GetClockConfig                   0x08002019   Thumb Code    54  stm32f4xx_hal_rcc.o(i.HAL_RCC_GetClockConfig)
    HAL_RCC_GetHCLKFreq                      0x08002059   Thumb Code     6  stm32f4xx_hal_rcc.o(i.HAL_RCC_GetHCLKFreq)
    HAL_RCC_GetPCLK1Freq                     0x08002065   Thumb Code    20  stm32f4xx_hal_rcc.o(i.HAL_RCC_GetPCLK1Freq)
    HAL_RCC_GetPCLK2Freq                     0x08002085   Thumb Code    20  stm32f4xx_hal_rcc.o(i.HAL_RCC_GetPCLK2Freq)
    HAL_RCC_GetSysClockFreq                  0x080020a5   Thumb Code    88  stm32f4xx_hal_rcc.o(i.HAL_RCC_GetSysClockFreq)
    HAL_RCC_OscConfig                        0x08002105   Thumb Code   770  stm32f4xx_hal_rcc.o(i.HAL_RCC_OscConfig)
    HAL_SYSTICK_CLKSourceConfig              0x08002421   Thumb Code    24  stm32f4xx_hal_cortex.o(i.HAL_SYSTICK_CLKSourceConfig)
    HAL_SYSTICK_Config                       0x08002439   Thumb Code    40  stm32f4xx_hal_cortex.o(i.HAL_SYSTICK_Config)
    HAL_TIMEx_BreakCallback                  0x08002461   Thumb Code     2  stm32f4xx_hal_tim_ex.o(i.HAL_TIMEx_BreakCallback)
    HAL_TIMEx_CommutationCallback            0x08002463   Thumb Code     2  stm32f4xx_hal_tim_ex.o(i.HAL_TIMEx_CommutationCallback)
    HAL_TIMEx_MasterConfigSynchronization    0x08002465   Thumb Code    80  stm32f4xx_hal_tim_ex.o(i.HAL_TIMEx_MasterConfigSynchronization)
    HAL_TIM_Base_Init                        0x080024b5   Thumb Code    54  stm32f4xx_hal_tim.o(i.HAL_TIM_Base_Init)
    HAL_TIM_Base_MspInit                     0x080024ed   Thumb Code    50  tim.o(i.HAL_TIM_Base_MspInit)
    HAL_TIM_Base_Start_IT                    0x08002529   Thumb Code    24  stm32f4xx_hal_tim.o(i.HAL_TIM_Base_Start_IT)
    HAL_TIM_Base_Stop_IT                     0x08002541   Thumb Code    42  stm32f4xx_hal_tim.o(i.HAL_TIM_Base_Stop_IT)
    HAL_TIM_Encoder_Init                     0x0800256b   Thumb Code   150  stm32f4xx_hal_tim.o(i.HAL_TIM_Encoder_Init)
    HAL_TIM_Encoder_MspInit                  0x08002601   Thumb Code   106  tim.o(i.HAL_TIM_Encoder_MspInit)
    HAL_TIM_Encoder_Start                    0x0800267d   Thumb Code    52  stm32f4xx_hal_tim.o(i.HAL_TIM_Encoder_Start)
    HAL_TIM_IC_CaptureCallback               0x080026b1   Thumb Code     2  stm32f4xx_hal_tim.o(i.HAL_TIM_IC_CaptureCallback)
    HAL_TIM_IRQHandler                       0x080026b3   Thumb Code   358  stm32f4xx_hal_tim.o(i.HAL_TIM_IRQHandler)
    HAL_TIM_MspPostInit                      0x08002819   Thumb Code    64  tim.o(i.HAL_TIM_MspPostInit)
    HAL_TIM_OC_DelayElapsedCallback          0x08002869   Thumb Code     2  stm32f4xx_hal_tim.o(i.HAL_TIM_OC_DelayElapsedCallback)
    HAL_TIM_PWM_ConfigChannel                0x0800286b   Thumb Code   208  stm32f4xx_hal_tim.o(i.HAL_TIM_PWM_ConfigChannel)
    HAL_TIM_PWM_Init                         0x0800293b   Thumb Code    54  stm32f4xx_hal_tim.o(i.HAL_TIM_PWM_Init)
    HAL_TIM_PWM_MspInit                      0x08002971   Thumb Code    52  tim.o(i.HAL_TIM_PWM_MspInit)
    HAL_TIM_PWM_PulseFinishedCallback        0x080029b1   Thumb Code     2  stm32f4xx_hal_tim.o(i.HAL_TIM_PWM_PulseFinishedCallback)
    HAL_TIM_PWM_Start                        0x080029b5   Thumb Code    48  stm32f4xx_hal_tim.o(i.HAL_TIM_PWM_Start)
    HAL_TIM_PeriodElapsedCallback            0x080029ed   Thumb Code    34  main.o(i.HAL_TIM_PeriodElapsedCallback)
    HAL_TIM_TriggerCallback                  0x08002a1d   Thumb Code     2  stm32f4xx_hal_tim.o(i.HAL_TIM_TriggerCallback)
    HAL_UART_DMAStop                         0x08002a1f   Thumb Code    88  stm32f4xx_hal_uart.o(i.HAL_UART_DMAStop)
    HAL_UART_ErrorCallback                   0x08002a77   Thumb Code     2  stm32f4xx_hal_uart.o(i.HAL_UART_ErrorCallback)
    HAL_UART_IRQHandler                      0x08002a79   Thumb Code   266  stm32f4xx_hal_uart.o(i.HAL_UART_IRQHandler)
    HAL_UART_Init                            0x08002b89   Thumb Code    98  stm32f4xx_hal_uart.o(i.HAL_UART_Init)
    HAL_UART_MspInit                         0x08002bed   Thumb Code   278  usart.o(i.HAL_UART_MspInit)
    HAL_UART_Receive_DMA                     0x08002d3d   Thumb Code   138  stm32f4xx_hal_uart.o(i.HAL_UART_Receive_DMA)
    HAL_UART_RxCpltCallback                  0x08002dd5   Thumb Code    20  stm32f4xx_it.o(i.HAL_UART_RxCpltCallback)
    HAL_UART_RxHalfCpltCallback              0x08002df5   Thumb Code     2  stm32f4xx_hal_uart.o(i.HAL_UART_RxHalfCpltCallback)
    HAL_UART_Transmit                        0x08002df7   Thumb Code   186  stm32f4xx_hal_uart.o(i.HAL_UART_Transmit)
    HAL_UART_TxCpltCallback                  0x08002eb1   Thumb Code     2  stm32f4xx_hal_uart.o(i.HAL_UART_TxCpltCallback)
    HC_SRC04_Start                           0x08002eb5   Thumb Code    34  car_task.o(i.HC_SRC04_Start)
    HardFault_Handler                        0x08002edd   Thumb Code     2  stm32f4xx_it.o(i.HardFault_Handler)
    Host_Data_Receive_Anl                    0x08002ee1   Thumb Code   522  connect.o(i.Host_Data_Receive_Anl)
    IIC_Ack                                  0x08003121   Thumb Code    58  i2c.o(i.IIC_Ack)
    IIC_Init                                 0x08003169   Thumb Code   116  i2c.o(i.IIC_Init)
    IIC_NAck                                 0x080031f1   Thumb Code    58  i2c.o(i.IIC_NAck)
    IIC_Read_Byte                            0x08003239   Thumb Code   100  i2c.o(i.IIC_Read_Byte)
    IIC_Send_Byte                            0x080032a9   Thumb Code    90  i2c.o(i.IIC_Send_Byte)
    IIC_Start                                0x08003311   Thumb Code    62  i2c.o(i.IIC_Start)
    IIC_Stop                                 0x0800335d   Thumb Code    64  i2c.o(i.IIC_Stop)
    IIC_Wait_Ack                             0x080033a9   Thumb Code    80  i2c.o(i.IIC_Wait_Ack)
    Interface                                0x08003405   Thumb Code   134  oled_show.o(i.Interface)
    Key_Scan                                 0x080034c5   Thumb Code   224  oled_show.o(i.Key_Scan)
    Led_Contrl                               0x080035b1   Thumb Code   108  car_system.o(i.Led_Contrl)
    MPU_Init                                 0x08003625   Thumb Code   128  mpu6050.o(i.MPU_Init)
    MPU_Read_Byte                            0x080036c5   Thumb Code    58  mpu6050.o(i.MPU_Read_Byte)
    MPU_Read_Len                             0x08003701   Thumb Code   108  mpu6050.o(i.MPU_Read_Len)
    MPU_Set_Accel_Fsr                        0x0800376d   Thumb Code    10  mpu6050.o(i.MPU_Set_Accel_Fsr)
    MPU_Set_Gyro_Fsr                         0x08003777   Thumb Code    10  mpu6050.o(i.MPU_Set_Gyro_Fsr)
    MPU_Set_LPF                              0x08003781   Thumb Code    48  mpu6050.o(i.MPU_Set_LPF)
    MPU_Set_Rate                             0x080037b1   Thumb Code    46  mpu6050.o(i.MPU_Set_Rate)
    MPU_Write_Byte                           0x080037df   Thumb Code    60  mpu6050.o(i.MPU_Write_Byte)
    MPU_Write_Len                            0x0800381b   Thumb Code    82  mpu6050.o(i.MPU_Write_Len)
    MX_ADC1_Init                             0x0800386d   Thumb Code    84  adc.o(i.MX_ADC1_Init)
    MX_DMA_Init                              0x080038dd   Thumb Code    72  dma.o(i.MX_DMA_Init)
    MX_FREERTOS_Init                         0x08003929   Thumb Code    96  freertos.o(i.MX_FREERTOS_Init)
    MX_GPIO_Init                             0x08003991   Thumb Code   340  gpio.o(i.MX_GPIO_Init)
    MX_TIM1_Init                             0x08003b01   Thumb Code    94  tim.o(i.MX_TIM1_Init)
    MX_TIM2_Init                             0x08003b79   Thumb Code    94  tim.o(i.MX_TIM2_Init)
    MX_TIM4_Init                             0x08003bed   Thumb Code   100  tim.o(i.MX_TIM4_Init)
    MX_TIM5_Init                             0x08003c69   Thumb Code   100  tim.o(i.MX_TIM5_Init)
    MX_TIM7_Init                             0x08003ce5   Thumb Code    62  tim.o(i.MX_TIM7_Init)
    MX_USART1_UART_Init                      0x08003d3d   Thumb Code    52  usart.o(i.MX_USART1_UART_Init)
    MX_USART3_UART_Init                      0x08003d89   Thumb Code    52  usart.o(i.MX_USART3_UART_Init)
    MX_USART6_UART_Init                      0x08003dd5   Thumb Code    52  usart.o(i.MX_USART6_UART_Init)
    MemManage_Handler                        0x08003e21   Thumb Code     2  stm32f4xx_it.o(i.MemManage_Handler)
    NMI_Handler                              0x08003e23   Thumb Code     2  stm32f4xx_it.o(i.NMI_Handler)
    OLED_Clear                               0x08003e45   Thumb Code    60  oled.o(i.OLED_Clear)
    OLED_DrawBMP                             0x08003e81   Thumb Code    64  oled.o(i.OLED_DrawBMP)
    OLED_Set_Pos                             0x08003ec1   Thumb Code    44  oled.o(i.OLED_Set_Pos)
    OLED_ShowCHinese                         0x08003eed   Thumb Code    96  oled.o(i.OLED_ShowCHinese)
    OLED_ShowC_NMKC                          0x08003f4d   Thumb Code   564  oled.o(i.OLED_ShowC_NMKC)
    OLED_ShowChar                            0x080041a9   Thumb Code   128  oled.o(i.OLED_ShowChar)
    OLED_ShowFloat                           0x08004231   Thumb Code   142  oled.o(i.OLED_ShowFloat)
    OLED_ShowNum                             0x080042bf   Thumb Code   100  oled.o(i.OLED_ShowNum)
    OLED_ShowString                          0x08004323   Thumb Code    48  oled.o(i.OLED_ShowString)
    OLED_WR_Byte                             0x08004355   Thumb Code    72  oled.o(i.OLED_WR_Byte)
    PWM_Limiting                             0x080043a5   Thumb Code    42  contrl.o(i.PWM_Limiting)
    Read_Encoder                             0x080043d1   Thumb Code    30  contrl.o(i.Read_Encoder)
    Read_KEY_State                           0x080043f5   Thumb Code    50  oled_show.o(i.Read_KEY_State)
    SetTime                                  0x0800442d   Thumb Code    16  delay.o(i.SetTime)
    Set_PWM                                  0x0800443d   Thumb Code   194  contrl.o(i.Set_PWM)
    Show_Power                               0x08004521   Thumb Code    68  oled_show.o(i.Show_Power)
    StartTask_100HZ                          0x0800456d   Thumb Code    12  freertos.o(i.StartTask_100HZ)
    StartTask_200HZ                          0x08004579   Thumb Code    24  freertos.o(i.StartTask_200HZ)
    StartTask_5HZ                            0x08004591   Thumb Code    28  freertos.o(i.StartTask_5HZ)
    StartTask_Interaction                    0x080045c1   Thumb Code    80  freertos.o(i.StartTask_Interaction)
    SysTick_Handler                          0x08004ae9   Thumb Code     4  stm32f4xx_it.o(i.SysTick_Handler)
    SystemClock_Config                       0x08004aed   Thumb Code   152  main.o(i.SystemClock_Config)
    SystemInit                               0x08004b8d   Thumb Code    66  system_stm32f4xx.o(i.SystemInit)
    TIM6_DAC_IRQHandler                      0x08004be1   Thumb Code     6  stm32f4xx_it.o(i.TIM6_DAC_IRQHandler)
    TIM7_IRQHandler                          0x08004bed   Thumb Code     6  stm32f4xx_it.o(i.TIM7_IRQHandler)
    TIM_Base_SetConfig                       0x08004bf9   Thumb Code   148  stm32f4xx_hal_tim.o(i.TIM_Base_SetConfig)
    TIM_CCxChannelCmd                        0x08004cb9   Thumb Code    22  stm32f4xx_hal_tim.o(i.TIM_CCxChannelCmd)
    TIM_OC2_SetConfig                        0x08004d29   Thumb Code    90  stm32f4xx_hal_tim.o(i.TIM_OC2_SetConfig)
    Task_State                               0x08004e3d   Thumb Code   150  car_system.o(i.Task_State)
    Turn_off                                 0x08004ee9   Thumb Code    80  contrl.o(i.Turn_off)
    USART3_IRQHandler                        0x0800541d   Thumb Code     6  stm32f4xx_it.o(i.USART3_IRQHandler)
    USART6_IRQHandler                        0x08005429   Thumb Code    82  stm32f4xx_it.o(i.USART6_IRQHandler)
    UsageFault_Handler                       0x0800548d   Thumb Code     2  stm32f4xx_it.o(i.UsageFault_Handler)
    Vertical_Ring_PD                         0x08005491   Thumb Code    28  contrl.o(i.Vertical_Ring_PD)
    Vertical_speed_PI                        0x080054b1   Thumb Code   152  contrl.o(i.Vertical_speed_PI)
    Vertical_turn_PD                         0x08005569   Thumb Code    46  contrl.o(i.Vertical_turn_PD)
    _Error_Handler                           0x0800559d   Thumb Code     2  main.o(i._Error_Handler)
    __0printf                                0x080055a1   Thumb Code    22  printfa.o(i.__0printf)
    __1printf                                0x080055a1   Thumb Code     0  printfa.o(i.__0printf)
    __2printf                                0x080055a1   Thumb Code     0  printfa.o(i.__0printf)
    __c89printf                              0x080055a1   Thumb Code     0  printfa.o(i.__0printf)
    printf                                   0x080055a1   Thumb Code     0  printfa.o(i.__0printf)
    __0sprintf                               0x080055c1   Thumb Code    34  printfa.o(i.__0sprintf)
    __1sprintf                               0x080055c1   Thumb Code     0  printfa.o(i.__0sprintf)
    __2sprintf                               0x080055c1   Thumb Code     0  printfa.o(i.__0sprintf)
    __c89sprintf                             0x080055c1   Thumb Code     0  printfa.o(i.__0sprintf)
    sprintf                                  0x080055c1   Thumb Code     0  printfa.o(i.__0sprintf)
    __ARM_fpclassify                         0x080055e9   Thumb Code    48  fpclassify.o(i.__ARM_fpclassify)
    __hardfp_asin                            0x08005619   Thumb Code   770  asin.o(i.__hardfp_asin)
    __hardfp_atan                            0x08005979   Thumb Code   622  atan.o(i.__hardfp_atan)
    __hardfp_atan2                           0x08005c51   Thumb Code   432  atan2.o(i.__hardfp_atan2)
    __kernel_poly                            0x08005e41   Thumb Code   248  poly.o(i.__kernel_poly)
    __mathlib_dbl_infnan                     0x08005f39   Thumb Code    20  dunder.o(i.__mathlib_dbl_infnan)
    __mathlib_dbl_infnan2                    0x08005f4d   Thumb Code    20  dunder.o(i.__mathlib_dbl_infnan2)
    __mathlib_dbl_invalid                    0x08005f61   Thumb Code    24  dunder.o(i.__mathlib_dbl_invalid)
    __mathlib_dbl_underflow                  0x08005f81   Thumb Code    24  dunder.o(i.__mathlib_dbl_underflow)
    __scatterload_copy                       0x08005fa1   Thumb Code    14  handlers.o(i.__scatterload_copy)
    __scatterload_null                       0x08005faf   Thumb Code     2  handlers.o(i.__scatterload_null)
    __scatterload_zeroinit                   0x08005fb1   Thumb Code    14  handlers.o(i.__scatterload_zeroinit)
    __set_errno                              0x08005fc1   Thumb Code     6  errno.o(i.__set_errno)
    atan                                     0x08006889   Thumb Code    16  atan.o(i.atan)
    delay_ms                                 0x08006899   Thumb Code    26  delay.o(i.delay_ms)
    delay_us                                 0x080068b5   Thumb Code    48  delay.o(i.delay_us)
    dmp_enable_6x_lp_quat                    0x080068e9   Thumb Code    58  inv_mpu_dmp_motion_driver.o(i.dmp_enable_6x_lp_quat)
    dmp_enable_feature                       0x08006925   Thumb Code   464  inv_mpu_dmp_motion_driver.o(i.dmp_enable_feature)
    dmp_enable_gyro_cal                      0x08006afd   Thumb Code    34  inv_mpu_dmp_motion_driver.o(i.dmp_enable_gyro_cal)
    dmp_enable_lp_quat                       0x08006b39   Thumb Code    58  inv_mpu_dmp_motion_driver.o(i.dmp_enable_lp_quat)
    dmp_load_motion_driver_firmware          0x08006b75   Thumb Code    16  inv_mpu_dmp_motion_driver.o(i.dmp_load_motion_driver_firmware)
    dmp_read_fifo                            0x08006b89   Thumb Code   324  inv_mpu_dmp_motion_driver.o(i.dmp_read_fifo)
    dmp_set_fifo_rate                        0x08006cd1   Thumb Code    82  inv_mpu_dmp_motion_driver.o(i.dmp_set_fifo_rate)
    dmp_set_orientation                      0x08006d35   Thumb Code   246  inv_mpu_dmp_motion_driver.o(i.dmp_set_orientation)
    dmp_set_shake_reject_thresh              0x08006e41   Thumb Code    48  inv_mpu_dmp_motion_driver.o(i.dmp_set_shake_reject_thresh)
    dmp_set_shake_reject_time                0x08006e71   Thumb Code    32  inv_mpu_dmp_motion_driver.o(i.dmp_set_shake_reject_time)
    dmp_set_shake_reject_timeout             0x08006e91   Thumb Code    32  inv_mpu_dmp_motion_driver.o(i.dmp_set_shake_reject_timeout)
    dmp_set_tap_axes                         0x08006eb1   Thumb Code    64  inv_mpu_dmp_motion_driver.o(i.dmp_set_tap_axes)
    dmp_set_tap_count                        0x08006ef1   Thumb Code    34  inv_mpu_dmp_motion_driver.o(i.dmp_set_tap_count)
    dmp_set_tap_thresh                       0x08006f15   Thumb Code   314  inv_mpu_dmp_motion_driver.o(i.dmp_set_tap_thresh)
    dmp_set_tap_time                         0x08007075   Thumb Code    32  inv_mpu_dmp_motion_driver.o(i.dmp_set_tap_time)
    dmp_set_tap_time_multi                   0x08007095   Thumb Code    32  inv_mpu_dmp_motion_driver.o(i.dmp_set_tap_time_multi)
    fabs                                     0x080070b5   Thumb Code    24  fabs.o(i.fabs)
    fputc                                    0x080070cd   Thumb Code    12  main.o(i.fputc)
    inv_orientation_matrix_to_scalar         0x080070dd   Thumb Code    34  inv_mpu_user.o(i.inv_orientation_matrix_to_scalar)
    inv_row_2_scale                          0x080070ff   Thumb Code    72  inv_mpu_user.o(i.inv_row_2_scale)
    main                                     0x08007149   Thumb Code   110  main.o(i.main)
    mget_ms                                  0x080071f1   Thumb Code     2  inv_mpu.o(i.mget_ms)
    mpu_configure_fifo                       0x080071f5   Thumb Code    78  inv_mpu.o(i.mpu_configure_fifo)
    mpu_dmp_get_data                         0x08007249   Thumb Code   396  inv_mpu_user.o(i.mpu_dmp_get_data)
    mpu_dmp_init                             0x080073e9   Thumb Code   156  inv_mpu_user.o(i.mpu_dmp_init)
    mpu_get_accel_fsr                        0x08007495   Thumb Code    54  inv_mpu.o(i.mpu_get_accel_fsr)
    mpu_init                                 0x080074d1   Thumb Code   310  inv_mpu.o(i.mpu_init)
    mpu_load_firmware                        0x08007659   Thumb Code   154  inv_mpu.o(i.mpu_load_firmware)
    mpu_lp_accel_mode                        0x080076f9   Thumb Code   178  inv_mpu.o(i.mpu_lp_accel_mode)
    mpu_read_fifo_stream                     0x080077b1   Thumb Code   140  inv_mpu.o(i.mpu_read_fifo_stream)
    mpu_read_mem                             0x08007841   Thumb Code    80  inv_mpu.o(i.mpu_read_mem)
    mpu_reset_fifo                           0x08007895   Thumb Code   346  inv_mpu.o(i.mpu_reset_fifo)
    mpu_set_accel_fsr                        0x080079f5   Thumb Code    98  inv_mpu.o(i.mpu_set_accel_fsr)
    mpu_set_bypass                           0x08007a5d   Thumb Code   214  inv_mpu.o(i.mpu_set_bypass)
    mpu_set_dmp_state                        0x08007b39   Thumb Code   114  inv_mpu.o(i.mpu_set_dmp_state)
    mpu_set_gyro_fsr                         0x08007bb1   Thumb Code   104  inv_mpu.o(i.mpu_set_gyro_fsr)
    mpu_set_int_latched                      0x08007c1d   Thumb Code    94  inv_mpu.o(i.mpu_set_int_latched)
    mpu_set_lpf                              0x08007c81   Thumb Code   102  inv_mpu.o(i.mpu_set_lpf)
    mpu_set_sample_rate                      0x08007ced   Thumb Code   124  inv_mpu.o(i.mpu_set_sample_rate)
    mpu_set_sensors                          0x08007d6d   Thumb Code   178  inv_mpu.o(i.mpu_set_sensors)
    mpu_write_mem                            0x08007e25   Thumb Code    80  inv_mpu.o(i.mpu_write_mem)
    oled_GPIO_Init                           0x08007e79   Thumb Code   170  oled.o(i.oled_GPIO_Init)
    oled_Init                                0x08007f35   Thumb Code    14  oled.o(i.oled_Init)
    oled_Mode_Init                           0x08007f43   Thumb Code   250  oled.o(i.oled_Mode_Init)
    oled_Show                                0x0800803d   Thumb Code   272  oled_show.o(i.oled_Show)
    oled_pow                                 0x08008179   Thumb Code    16  oled.o(i.oled_pow)
    osDelay                                  0x08008189   Thumb Code    14  cmsis_os.o(i.osDelay)
    osKernelStart                            0x08008197   Thumb Code    10  cmsis_os.o(i.osKernelStart)
    osSystickHandler                         0x080081a1   Thumb Code    20  cmsis_os.o(i.osSystickHandler)
    osThreadCreate                           0x080081b5   Thumb Code    46  cmsis_os.o(i.osThreadCreate)
    pvPortMalloc                             0x08008691   Thumb Code   210  heap_4.o(i.pvPortMalloc)
    pvTaskIncrementMutexHeldCount            0x08008769   Thumb Code    18  tasks.o(i.pvTaskIncrementMutexHeldCount)
    pxPortInitialiseStack                    0x08008781   Thumb Code    40  port.o(i.pxPortInitialiseStack)
    sqrt                                     0x08008805   Thumb Code   110  sqrt.o(i.sqrt)
    uart_data_send                           0x08008875   Thumb Code    30  esp32.o(i.uart_data_send)
    uxListRemove                             0x08008899   Thumb Code    36  list.o(i.uxListRemove)
    vListInitialise                          0x080088bd   Thumb Code    22  list.o(i.vListInitialise)
    vListInitialiseItem                      0x080088d3   Thumb Code     6  list.o(i.vListInitialiseItem)
    vListInsert                              0x080088d9   Thumb Code    48  list.o(i.vListInsert)
    vListInsertEnd                           0x08008909   Thumb Code    24  list.o(i.vListInsertEnd)
    vPortEnterCritical                       0x08008921   Thumb Code    54  port.o(i.vPortEnterCritical)
    vPortExitCritical                        0x08008961   Thumb Code    34  port.o(i.vPortExitCritical)
    vPortFree                                0x08008989   Thumb Code    88  heap_4.o(i.vPortFree)
    vPortSetupTimerInterrupt                 0x080089e5   Thumb Code    26  port.o(i.vPortSetupTimerInterrupt)
    vPortValidateInterruptPriority           0x08008a05   Thumb Code    74  port.o(i.vPortValidateInterruptPriority)
    vTaskDelay                               0x08008a59   Thumb Code    66  tasks.o(i.vTaskDelay)
    vTaskMissedYield                         0x08008aa5   Thumb Code     8  tasks.o(i.vTaskMissedYield)
    vTaskPlaceOnEventList                    0x08008ab1   Thumb Code    44  tasks.o(i.vTaskPlaceOnEventList)
    vTaskPriorityInherit                     0x08008ae1   Thumb Code   124  tasks.o(i.vTaskPriorityInherit)
    vTaskSetTimeOutState                     0x08008b65   Thumb Code    30  tasks.o(i.vTaskSetTimeOutState)
    vTaskStartScheduler                      0x08008b89   Thumb Code    86  tasks.o(i.vTaskStartScheduler)
    vTaskSuspendAll                          0x08008bf1   Thumb Code    10  tasks.o(i.vTaskSuspendAll)
    vTaskSwitchContext                       0x08008c01   Thumb Code    82  tasks.o(i.vTaskSwitchContext)
    xPortStartScheduler                      0x08008c5d   Thumb Code   202  port.o(i.xPortStartScheduler)
    xPortSysTickHandler                      0x08008d3d   Thumb Code    38  port.o(i.xPortSysTickHandler)
    xQueueGenericCreate                      0x08008d69   Thumb Code    72  queue.o(i.xQueueGenericCreate)
    xQueueGenericReceive                     0x08008db1   Thumb Code   360  queue.o(i.xQueueGenericReceive)
    xQueueGenericReset                       0x08008f1d   Thumb Code   132  queue.o(i.xQueueGenericReset)
    xQueueGenericSendFromISR                 0x08008fa5   Thumb Code   188  queue.o(i.xQueueGenericSendFromISR)
    xTaskCheckForTimeOut                     0x08009061   Thumb Code   102  tasks.o(i.xTaskCheckForTimeOut)
    xTaskCreate                              0x080090cd   Thumb Code    86  tasks.o(i.xTaskCreate)
    xTaskGetSchedulerState                   0x08009125   Thumb Code    22  tasks.o(i.xTaskGetSchedulerState)
    xTaskIncrementTick                       0x08009141   Thumb Code   192  tasks.o(i.xTaskIncrementTick)
    xTaskPriorityDisinherit                  0x08009209   Thumb Code   144  tasks.o(i.xTaskPriorityDisinherit)
    xTaskRemoveFromEventList                 0x080092a1   Thumb Code   108  tasks.o(i.xTaskRemoveFromEventList)
    xTaskResumeAll                           0x08009315   Thumb Code   182  tasks.o(i.xTaskResumeAll)
    AHBPrescTable                            0x08009428   Data          16  system_stm32f4xx.o(.constdata)
    APBPrescTable                            0x08009438   Data           8  system_stm32f4xx.o(.constdata)
    F6x8                                     0x08009448   Data         552  oled.o(.constdata)
    F8X16                                    0x08009670   Data        1520  oled.o(.constdata)
    reg                                      0x08009c60   Data          27  inv_mpu.o(.constdata)
    hw                                       0x08009c7c   Data          12  inv_mpu.o(.constdata)
    test                                     0x08009c88   Data          40  inv_mpu.o(.constdata)
    __mathlib_zero                           0x0800a990   Data           8  qnan.o(.constdata)
    Region$$Table$$Base                      0x0800aba8   Number         0  anon$$obj.o(Region$$Table)
    Region$$Table$$Limit                     0x0800abc8   Number         0  anon$$obj.o(Region$$Table)
    ECHO_IRQ_FLAG                            0x20000000   Data           1  stm32f4xx_it.o(.data)
    time_cnt                                 0x20000001   Data           1  stm32f4xx_it.o(.data)
    Task_200HZHandle                         0x20000008   Data           4  freertos.o(.data)
    Task_100HZHandle                         0x2000000c   Data           4  freertos.o(.data)
    Task_5HZHandle                           0x20000010   Data           4  freertos.o(.data)
    Task_InteractioHandle                    0x20000014   Data           4  freertos.o(.data)
    Message_Queue                            0x20000018   Data           4  freertos.o(.data)
    pxCurrentTCB                             0x20000034   Data           4  tasks.o(.data)
    SystemCoreClock                          0x2000007c   Data           4  system_stm32f4xx.o(.data)
    uwTickFreq                               0x20000080   Data           1  stm32f4xx_hal.o(.data)
    uwTickPrio                               0x20000084   Data           4  stm32f4xx_hal.o(.data)
    uwTick                                   0x20000088   Data           4  stm32f4xx_hal.o(.data)
    FS_MODE                                  0x20000090   Data           4  car_task.o(.data)
    Movement                                 0x20000094   Data           4  car_task.o(.data)
    Contrl_Turn                              0x20000098   Data           4  car_task.o(.data)
    Balance_Pwm                              0x2000009c   Data           4  car_task.o(.data)
    Velocity_Pwm                             0x200000a0   Data           4  car_task.o(.data)
    Turn_Pwm                                 0x200000a4   Data           4  car_task.o(.data)
    Motor1                                   0x200000a8   Data           4  car_task.o(.data)
    Motor2                                   0x200000ac   Data           4  car_task.o(.data)
    Encoder_left                             0x200000b0   Data           4  car_task.o(.data)
    Encoder_right                            0x200000b4   Data           4  car_task.o(.data)
    Distence                                 0x200000b8   Data           4  car_task.o(.data)
    CCD                                      0x200000bc   Data           8  car_task.o(.data)
    power                                    0x200000c4   Data           1  car_task.o(.data)
    FS_state                                 0x200000c8   Data           1  contrl.o(.data)
    Dead_Zone                                0x200000cc   Data           4  contrl.o(.data)
    PID                                      0x200000e0   Data          36  contrl.o(.data)
    NET_MODE                                 0x20000104   Data           1  esp32.o(.data)
    WIFI_CONNECT_FLAG                        0x20000105   Data           1  esp32.o(.data)
    BLE_CONNECT_FLAG                         0x20000106   Data           1  esp32.o(.data)
    ESP32_TimeDelay                          0x20000108   Data           8  esp32.o(.data)
    ATCmds                                   0x20000110   Data         240  esp32.o(.data)
    HQYJ                                     0x20000225   Data         320  oled.o(.data)
    CSXS                                     0x20000365   Data         256  oled.o(.data)
    MSSZ                                     0x20000465   Data         256  oled.o(.data)
    SDSD                                     0x20000565   Data         256  oled.o(.data)
    TXSZ                                     0x20000665   Data         256  oled.o(.data)
    SDZ                                      0x20000765   Data         256  oled.o(.data)
    ZXSZ                                     0x20000865   Data         256  oled.o(.data)
    XXMS                                     0x20000965   Data         256  oled.o(.data)
    PHMS                                     0x20000a65   Data         256  oled.o(.data)
    BZMS                                     0x20000b65   Data         256  oled.o(.data)
    key                                      0x20000c69   Data           1  oled_show.o(.data)
    mechanical_zero                          0x20000c7c   Data           4  oled_show.o(.data)
    BMP1                                     0x20000c80   Data          17  oled_show.o(.data)
    BMP2                                     0x20000c91   Data          17  oled_show.o(.data)
    BMP3                                     0x20000ca2   Data          17  oled_show.o(.data)
    BMP4                                     0x20000cb3   Data          17  oled_show.o(.data)
    BMP5                                     0x20000cc4   Data          17  oled_show.o(.data)
    BMP6                                     0x20000cd5   Data          11  oled_show.o(.data)
    BMP8                                     0x20000ce0   Data          11  oled_show.o(.data)
    BMP9                                     0x20000ceb   Data          11  oled_show.o(.data)
    BMP10                                    0x20000cf6   Data          10  oled_show.o(.data)
    pitch                                    0x20000d2c   Data           4  inv_mpu_user.o(.data)
    roll                                     0x20000d30   Data           4  inv_mpu_user.o(.data)
    yaw                                      0x20000d34   Data           4  inv_mpu_user.o(.data)
    __stdout                                 0x20000d44   Data           4  stdout.o(.data)
    htim6                                    0x20000d4c   Data          60  stm32f4xx_hal_timebase_tim.o(.bss)
    huart1                                   0x20000d88   Data          64  usart.o(.bss)
    huart3                                   0x20000dc8   Data          64  usart.o(.bss)
    huart6                                   0x20000e08   Data          64  usart.o(.bss)
    hdma_usart3_rx                           0x20000e48   Data          96  usart.o(.bss)
    hdma_usart6_rx                           0x20000ea8   Data          96  usart.o(.bss)
    Uart6_Rcv                                0x20000f08   Data         256  freertos.o(.bss)
    htim1                                    0x20001008   Data          60  tim.o(.bss)
    htim2                                    0x20001044   Data          60  tim.o(.bss)
    htim4                                    0x20001080   Data          60  tim.o(.bss)
    htim5                                    0x200010bc   Data          60  tim.o(.bss)
    htim7                                    0x200010f8   Data          60  tim.o(.bss)
    hadc1                                    0x20001134   Data          72  adc.o(.bss)
    Esp32Rcv                                 0x20004e84   Data         256  esp32.o(.bss)
    PARMETER                                 0x20005002   Data          80  oled_show.o(.bss)
    OutMpu                                   0x20005064   Data          24  inv_mpu_user.o(.bss)
    __initial_sp                             0x20005480   Data           0  startup_stm32f407xx.o(STACK)



==============================================================================

Memory Map of the image

  Image Entry point : 0x08000189

  Load Region LR_IROM1 (Base: 0x08000000, Size: 0x0000b914, Max: 0x00100000, ABSOLUTE, COMPRESSED[0x0000b070])

    Execution Region ER_IROM1 (Base: 0x08000000, Size: 0x0000abc8, Max: 0x00100000, ABSOLUTE)

    Base Addr    Size         Type   Attr      Idx    E Section Name        Object

    0x08000000   0x00000188   Data   RO            3    RESET               startup_stm32f407xx.o
    0x08000188   0x00000000   Code   RO         5837  * .ARM.Collect$$$$00000000  mc_w.l(entry.o)
    0x08000188   0x00000004   Code   RO         6182    .ARM.Collect$$$$00000001  mc_w.l(entry2.o)
    0x0800018c   0x00000004   Code   RO         6185    .ARM.Collect$$$$00000004  mc_w.l(entry5.o)
    0x08000190   0x00000000   Code   RO         6187    .ARM.Collect$$$$00000008  mc_w.l(entry7b.o)
    0x08000190   0x00000000   Code   RO         6189    .ARM.Collect$$$$0000000A  mc_w.l(entry8b.o)
    0x08000190   0x00000008   Code   RO         6190    .ARM.Collect$$$$0000000B  mc_w.l(entry9a.o)
    0x08000198   0x00000000   Code   RO         6192    .ARM.Collect$$$$0000000D  mc_w.l(entry10a.o)
    0x08000198   0x00000000   Code   RO         6194    .ARM.Collect$$$$0000000F  mc_w.l(entry11a.o)
    0x08000198   0x00000004   Code   RO         6183    .ARM.Collect$$$$00002712  mc_w.l(entry2.o)
    0x0800019c   0x000000ba   Code   RO         1137    .emb_text           port.o
    0x08000256   0x00000002   PAD
    0x08000258   0x00000024   Code   RO            4    .text               startup_stm32f407xx.o
    0x0800027c   0x00000062   Code   RO         5840    .text               mc_w.l(uldiv.o)
    0x080002de   0x00000024   Code   RO         5844    .text               mc_w.l(memcpya.o)
    0x08000302   0x00000024   Code   RO         5846    .text               mc_w.l(memseta.o)
    0x08000326   0x00000024   Code   RO         5848    .text               mc_w.l(strstr.o)
    0x0800034a   0x0000000e   Code   RO         5850    .text               mc_w.l(strlen.o)
    0x08000358   0x0000001a   Code   RO         5852    .text               mc_w.l(memcmp.o)
    0x08000372   0x0000014e   Code   RO         6117    .text               mf_w.l(dadd.o)
    0x080004c0   0x000000e4   Code   RO         6119    .text               mf_w.l(dmul.o)
    0x080005a4   0x000000de   Code   RO         6121    .text               mf_w.l(ddiv.o)
    0x08000682   0x00000022   Code   RO         6123    .text               mf_w.l(dflti.o)
    0x080006a4   0x00000032   Code   RO         6125    .text               mf_w.l(dfixui.o)
    0x080006d6   0x00000026   Code   RO         6127    .text               mf_w.l(f2d.o)
    0x080006fc   0x00000038   Code   RO         6129    .text               mf_w.l(d2f.o)
    0x08000734   0x0000002c   Code   RO         6197    .text               mc_w.l(uidiv.o)
    0x08000760   0x0000001e   Code   RO         6199    .text               mc_w.l(llshl.o)
    0x0800077e   0x00000020   Code   RO         6201    .text               mc_w.l(llushr.o)
    0x0800079e   0x00000024   Code   RO         6203    .text               mc_w.l(llsshr.o)
    0x080007c2   0x00000000   Code   RO         6212    .text               mc_w.l(iusefp.o)
    0x080007c2   0x0000006e   Code   RO         6213    .text               mf_w.l(fepilogue.o)
    0x08000830   0x000000ba   Code   RO         6215    .text               mf_w.l(depilogue.o)
    0x080008ea   0x00000030   Code   RO         6219    .text               mf_w.l(dfixul.o)
    0x0800091a   0x00000002   PAD
    0x0800091c   0x00000030   Code   RO         6221    .text               mf_w.l(cdrcmple.o)
    0x0800094c   0x00000024   Code   RO         6223    .text               mc_w.l(init.o)
    0x08000970   0x000000a2   Code   RO         6225    .text               mf_w.l(dsqrt.o)
    0x08000a12   0x0000005e   Code   RO         6237    .text               mc_w.l(__dclz77c.o)
    0x08000a70   0x00000124   Code   RO         4237    i.ADC_Init          stm32f4xx_hal_adc.o
    0x08000b94   0x00000064   Code   RO         4938    i.ANO_CAR_POSE      connect.o
    0x08000bf8   0x0000003c   Code   RO         4939    i.ANO_CCD_SEN       connect.o
    0x08000c34   0x00000040   Code   RO         4940    i.ANO_MOTO          connect.o
    0x08000c74   0x0000011c   Code   RO         4941    i.ANO_PID           connect.o
    0x08000d90   0x0000005c   Code   RO         4943    i.ANO_SENSER        connect.o
    0x08000dec   0x00000002   Code   RO          180    i.BusFault_Handler  stm32f4xx_it.o
    0x08000dee   0x00000002   PAD
    0x08000df0   0x000000bc   Code   RO         4609    i.Car_Task_100HZ    car_task.o
    0x08000eac   0x00000028   Code   RO         4610    i.Car_Task_200HZ    car_task.o
    0x08000ed4   0x0000000e   Code   RO         4611    i.Car_Task_5HZ      car_task.o
    0x08000ee2   0x0000001a   Code   RO         4404    i.CompareTime       delay.o
    0x08000efc   0x0000007c   Code   RO         4944    i.Connect_Send_data  connect.o
    0x08000f78   0x0000000c   Code   RO          181    i.DMA1_Stream1_IRQHandler  stm32f4xx_it.o
    0x08000f84   0x0000000c   Code   RO          182    i.DMA2_Stream1_IRQHandler  stm32f4xx_it.o
    0x08000f90   0x00000028   Code   RO         2880    i.DMA_CalcBaseAndBitshift  stm32f4xx_hal_dma.o
    0x08000fb8   0x00000054   Code   RO         2881    i.DMA_CheckFifoParam  stm32f4xx_hal_dma.o
    0x0800100c   0x00000028   Code   RO         2882    i.DMA_SetConfig     stm32f4xx_hal_dma.o
    0x08001034   0x00000002   Code   RO          183    i.DebugMon_Handler  stm32f4xx_it.o
    0x08001036   0x00000002   PAD
    0x08001038   0x00000038   Code   RO         5195    i.Directory_Show    oled_show.o
    0x08001070   0x000000b8   Code   RO         4945    i.EP32_RcvData_Extract  connect.o
    0x08001128   0x0000005c   Code   RO         4865    i.ESP32_Cmd_Rcv     esp32.o
    0x08001184   0x000000cc   Code   RO         4866    i.ESP32_Data_Rcv    esp32.o
    0x08001250   0x00000038   Code   RO         4867    i.ESP32_Init        esp32.o
    0x08001288   0x000000c8   Code   RO         4868    i.ESP32_Send_Data   esp32.o
    0x08001350   0x00000060   Code   RO         4869    i.ESPSend_Cmd       esp32.o
    0x080013b0   0x00000006   Code   RO          184    i.EXTI1_IRQHandler  stm32f4xx_it.o
    0x080013b6   0x00000002   PAD
    0x080013b8   0x00000038   Code   RO         5018    i.Get_battery_volt  car_system.o
    0x080013f0   0x0000014c   Code   RO         4239    i.HAL_ADC_ConfigChannel  stm32f4xx_hal_adc.o
    0x0800153c   0x00000006   Code   RO         4246    i.HAL_ADC_GetValue  stm32f4xx_hal_adc.o
    0x08001542   0x00000054   Code   RO         4248    i.HAL_ADC_Init      stm32f4xx_hal_adc.o
    0x08001596   0x00000002   PAD
    0x08001598   0x00000044   Code   RO          734    i.HAL_ADC_MspInit   adc.o
    0x080015dc   0x000000a2   Code   RO         4252    i.HAL_ADC_PollForConversion  stm32f4xx_hal_adc.o
    0x0800167e   0x00000002   PAD
    0x08001680   0x000000bc   Code   RO         4254    i.HAL_ADC_Start     stm32f4xx_hal_adc.o
    0x0800173c   0x0000008e   Code   RO         2883    i.HAL_DMA_Abort     stm32f4xx_hal_dma.o
    0x080017ca   0x00000024   Code   RO         2884    i.HAL_DMA_Abort_IT  stm32f4xx_hal_dma.o
    0x080017ee   0x00000002   PAD
    0x080017f0   0x000001a0   Code   RO         2888    i.HAL_DMA_IRQHandler  stm32f4xx_hal_dma.o
    0x08001990   0x000000d4   Code   RO         2889    i.HAL_DMA_Init      stm32f4xx_hal_dma.o
    0x08001a64   0x00000078   Code   RO         2893    i.HAL_DMA_Start_IT  stm32f4xx_hal_dma.o
    0x08001adc   0x00000024   Code   RO         2598    i.HAL_Delay         stm32f4xx_hal.o
    0x08001b00   0x0000006c   Code   RO          185    i.HAL_GPIO_EXTI_Callback  stm32f4xx_it.o
    0x08001b6c   0x00000018   Code   RO         2988    i.HAL_GPIO_EXTI_IRQHandler  stm32f4xx_hal_gpio.o
    0x08001b84   0x000001b0   Code   RO         2989    i.HAL_GPIO_Init     stm32f4xx_hal_gpio.o
    0x08001d34   0x0000000a   Code   RO         2991    i.HAL_GPIO_ReadPin  stm32f4xx_hal_gpio.o
    0x08001d3e   0x00000008   Code   RO         2992    i.HAL_GPIO_TogglePin  stm32f4xx_hal_gpio.o
    0x08001d46   0x0000000a   Code   RO         2993    i.HAL_GPIO_WritePin  stm32f4xx_hal_gpio.o
    0x08001d50   0x0000000c   Code   RO         2604    i.HAL_GetTick       stm32f4xx_hal.o
    0x08001d5c   0x00000010   Code   RO         2608    i.HAL_IncTick       stm32f4xx_hal.o
    0x08001d6c   0x00000034   Code   RO         2609    i.HAL_Init          stm32f4xx_hal.o
    0x08001da0   0x00000074   Code   RO           13    i.HAL_InitTick      stm32f4xx_hal_timebase_tim.o
    0x08001e14   0x00000058   Code   RO          589    i.HAL_MspInit       stm32f4xx_hal_msp.o
    0x08001e6c   0x00000016   Code   RO         3844    i.HAL_NVIC_EnableIRQ  stm32f4xx_hal_cortex.o
    0x08001e82   0x00000002   PAD
    0x08001e84   0x00000040   Code   RO         3850    i.HAL_NVIC_SetPriority  stm32f4xx_hal_cortex.o
    0x08001ec4   0x00000024   Code   RO         3851    i.HAL_NVIC_SetPriorityGrouping  stm32f4xx_hal_cortex.o
    0x08001ee8   0x00000130   Code   RO         3684    i.HAL_RCC_ClockConfig  stm32f4xx_hal_rcc.o
    0x08002018   0x00000040   Code   RO         3688    i.HAL_RCC_GetClockConfig  stm32f4xx_hal_rcc.o
    0x08002058   0x0000000c   Code   RO         3689    i.HAL_RCC_GetHCLKFreq  stm32f4xx_hal_rcc.o
    0x08002064   0x00000020   Code   RO         3691    i.HAL_RCC_GetPCLK1Freq  stm32f4xx_hal_rcc.o
    0x08002084   0x00000020   Code   RO         3692    i.HAL_RCC_GetPCLK2Freq  stm32f4xx_hal_rcc.o
    0x080020a4   0x00000060   Code   RO         3693    i.HAL_RCC_GetSysClockFreq  stm32f4xx_hal_rcc.o
    0x08002104   0x0000031c   Code   RO         3696    i.HAL_RCC_OscConfig  stm32f4xx_hal_rcc.o
    0x08002420   0x00000018   Code   RO         3853    i.HAL_SYSTICK_CLKSourceConfig  stm32f4xx_hal_cortex.o
    0x08002438   0x00000028   Code   RO         3855    i.HAL_SYSTICK_Config  stm32f4xx_hal_cortex.o
    0x08002460   0x00000002   Code   RO         2232    i.HAL_TIMEx_BreakCallback  stm32f4xx_hal_tim_ex.o
    0x08002462   0x00000002   Code   RO         2233    i.HAL_TIMEx_CommutationCallback  stm32f4xx_hal_tim_ex.o
    0x08002464   0x00000050   Code   RO         2249    i.HAL_TIMEx_MasterConfigSynchronization  stm32f4xx_hal_tim_ex.o
    0x080024b4   0x00000036   Code   RO         3054    i.HAL_TIM_Base_Init  stm32f4xx_hal_tim.o
    0x080024ea   0x00000002   PAD
    0x080024ec   0x0000003c   Code   RO          614    i.HAL_TIM_Base_MspInit  tim.o
    0x08002528   0x00000018   Code   RO         3059    i.HAL_TIM_Base_Start_IT  stm32f4xx_hal_tim.o
    0x08002540   0x0000002a   Code   RO         3062    i.HAL_TIM_Base_Stop_IT  stm32f4xx_hal_tim.o
    0x0800256a   0x00000096   Code   RO         3072    i.HAL_TIM_Encoder_Init  stm32f4xx_hal_tim.o
    0x08002600   0x0000007c   Code   RO          616    i.HAL_TIM_Encoder_MspInit  tim.o
    0x0800267c   0x00000034   Code   RO         3075    i.HAL_TIM_Encoder_Start  stm32f4xx_hal_tim.o
    0x080026b0   0x00000002   Code   RO         3083    i.HAL_TIM_IC_CaptureCallback  stm32f4xx_hal_tim.o
    0x080026b2   0x00000166   Code   RO         3096    i.HAL_TIM_IRQHandler  stm32f4xx_hal_tim.o
    0x08002818   0x00000050   Code   RO          617    i.HAL_TIM_MspPostInit  tim.o
    0x08002868   0x00000002   Code   RO         3099    i.HAL_TIM_OC_DelayElapsedCallback  stm32f4xx_hal_tim.o
    0x0800286a   0x000000d0   Code   RO         3120    i.HAL_TIM_PWM_ConfigChannel  stm32f4xx_hal_tim.o
    0x0800293a   0x00000036   Code   RO         3123    i.HAL_TIM_PWM_Init  stm32f4xx_hal_tim.o
    0x08002970   0x00000040   Code   RO          619    i.HAL_TIM_PWM_MspInit  tim.o
    0x080029b0   0x00000002   Code   RO         3126    i.HAL_TIM_PWM_PulseFinishedCallback  stm32f4xx_hal_tim.o
    0x080029b2   0x00000002   PAD
    0x080029b4   0x00000038   Code   RO         3127    i.HAL_TIM_PWM_Start  stm32f4xx_hal_tim.o
    0x080029ec   0x00000030   Code   RO          420    i.HAL_TIM_PeriodElapsedCallback  main.o
    0x08002a1c   0x00000002   Code   RO         3137    i.HAL_TIM_TriggerCallback  stm32f4xx_hal_tim.o
    0x08002a1e   0x00000058   Code   RO         1925    i.HAL_UART_DMAStop  stm32f4xx_hal_uart.o
    0x08002a76   0x00000002   Code   RO         1927    i.HAL_UART_ErrorCallback  stm32f4xx_hal_uart.o
    0x08002a78   0x00000110   Code   RO         1930    i.HAL_UART_IRQHandler  stm32f4xx_hal_uart.o
    0x08002b88   0x00000062   Code   RO         1931    i.HAL_UART_Init     stm32f4xx_hal_uart.o
    0x08002bea   0x00000002   PAD
    0x08002bec   0x00000150   Code   RO          364    i.HAL_UART_MspInit  usart.o
    0x08002d3c   0x00000098   Code   RO         1935    i.HAL_UART_Receive_DMA  stm32f4xx_hal_uart.o
    0x08002dd4   0x00000020   Code   RO          186    i.HAL_UART_RxCpltCallback  stm32f4xx_it.o
    0x08002df4   0x00000002   Code   RO         1938    i.HAL_UART_RxHalfCpltCallback  stm32f4xx_hal_uart.o
    0x08002df6   0x000000ba   Code   RO         1939    i.HAL_UART_Transmit  stm32f4xx_hal_uart.o
    0x08002eb0   0x00000002   Code   RO         1942    i.HAL_UART_TxCpltCallback  stm32f4xx_hal_uart.o
    0x08002eb2   0x00000002   PAD
    0x08002eb4   0x00000028   Code   RO         4612    i.HC_SRC04_Start    car_task.o
    0x08002edc   0x00000002   Code   RO          187    i.HardFault_Handler  stm32f4xx_it.o
    0x08002ede   0x00000002   PAD
    0x08002ee0   0x00000240   Code   RO         4946    i.Host_Data_Receive_Anl  connect.o
    0x08003120   0x00000048   Code   RO         4454    i.IIC_Ack           i2c.o
    0x08003168   0x00000088   Code   RO         4455    i.IIC_Init          i2c.o
    0x080031f0   0x00000048   Code   RO         4456    i.IIC_NAck          i2c.o
    0x08003238   0x00000070   Code   RO         4457    i.IIC_Read_Byte     i2c.o
    0x080032a8   0x00000068   Code   RO         4458    i.IIC_Send_Byte     i2c.o
    0x08003310   0x0000004c   Code   RO         4459    i.IIC_Start         i2c.o
    0x0800335c   0x0000004c   Code   RO         4460    i.IIC_Stop          i2c.o
    0x080033a8   0x0000005c   Code   RO         4461    i.IIC_Wait_Ack      i2c.o
    0x08003404   0x000000c0   Code   RO         5196    i.Interface         oled_show.o
    0x080034c4   0x000000ec   Code   RO         5197    i.Key_Scan          oled_show.o
    0x080035b0   0x00000074   Code   RO         5019    i.Led_Contrl        car_system.o
    0x08003624   0x000000a0   Code   RO         4523    i.MPU_Init          mpu6050.o
    0x080036c4   0x0000003a   Code   RO         4524    i.MPU_Read_Byte     mpu6050.o
    0x080036fe   0x00000002   PAD
    0x08003700   0x0000006c   Code   RO         4525    i.MPU_Read_Len      mpu6050.o
    0x0800376c   0x0000000a   Code   RO         4526    i.MPU_Set_Accel_Fsr  mpu6050.o
    0x08003776   0x0000000a   Code   RO         4527    i.MPU_Set_Gyro_Fsr  mpu6050.o
    0x08003780   0x00000030   Code   RO         4528    i.MPU_Set_LPF       mpu6050.o
    0x080037b0   0x0000002e   Code   RO         4529    i.MPU_Set_Rate      mpu6050.o
    0x080037de   0x0000003c   Code   RO         4530    i.MPU_Write_Byte    mpu6050.o
    0x0800381a   0x00000052   Code   RO         4531    i.MPU_Write_Len     mpu6050.o
    0x0800386c   0x00000070   Code   RO          735    i.MX_ADC1_Init      adc.o
    0x080038dc   0x0000004c   Code   RO          709    i.MX_DMA_Init       dma.o
    0x08003928   0x00000068   Code   RO          480    i.MX_FREERTOS_Init  freertos.o
    0x08003990   0x00000170   Code   RO          153    i.MX_GPIO_Init      gpio.o
    0x08003b00   0x00000078   Code   RO          620    i.MX_TIM1_Init      tim.o
    0x08003b78   0x00000074   Code   RO          621    i.MX_TIM2_Init      tim.o
    0x08003bec   0x0000007c   Code   RO          622    i.MX_TIM4_Init      tim.o
    0x08003c68   0x0000007c   Code   RO          623    i.MX_TIM5_Init      tim.o
    0x08003ce4   0x00000058   Code   RO          624    i.MX_TIM7_Init      tim.o
    0x08003d3c   0x0000004c   Code   RO          365    i.MX_USART1_UART_Init  usart.o
    0x08003d88   0x0000004c   Code   RO          366    i.MX_USART3_UART_Init  usart.o
    0x08003dd4   0x0000004c   Code   RO          367    i.MX_USART6_UART_Init  usart.o
    0x08003e20   0x00000002   Code   RO          188    i.MemManage_Handler  stm32f4xx_it.o
    0x08003e22   0x00000002   Code   RO          189    i.NMI_Handler       stm32f4xx_it.o
    0x08003e24   0x00000020   Code   RO         3857    i.NVIC_SetPriority  stm32f4xx_hal_cortex.o
    0x08003e44   0x0000003c   Code   RO         5062    i.OLED_Clear        oled.o
    0x08003e80   0x00000040   Code   RO         5065    i.OLED_DrawBMP      oled.o
    0x08003ec0   0x0000002c   Code   RO         5068    i.OLED_Set_Pos      oled.o
    0x08003eec   0x00000060   Code   RO         5069    i.OLED_ShowCHinese  oled.o
    0x08003f4c   0x0000025c   Code   RO         5070    i.OLED_ShowC_NMKC   oled.o
    0x080041a8   0x00000088   Code   RO         5071    i.OLED_ShowChar     oled.o
    0x08004230   0x0000008e   Code   RO         5072    i.OLED_ShowFloat    oled.o
    0x080042be   0x00000064   Code   RO         5073    i.OLED_ShowNum      oled.o
    0x08004322   0x00000030   Code   RO         5074    i.OLED_ShowString   oled.o
    0x08004352   0x00000002   PAD
    0x08004354   0x00000050   Code   RO         5075    i.OLED_WR_Byte      oled.o
    0x080043a4   0x0000002a   Code   RO         4793    i.PWM_Limiting      contrl.o
    0x080043ce   0x00000002   PAD
    0x080043d0   0x00000024   Code   RO         4794    i.Read_Encoder      contrl.o
    0x080043f4   0x00000038   Code   RO         5198    i.Read_KEY_State    oled_show.o
    0x0800442c   0x00000010   Code   RO         4405    i.SetTime           delay.o
    0x0800443c   0x000000e4   Code   RO         4795    i.Set_PWM           contrl.o
    0x08004520   0x0000004c   Code   RO         5199    i.Show_Power        oled_show.o
    0x0800456c   0x0000000c   Code   RO          481    i.StartTask_100HZ   freertos.o
    0x08004578   0x00000018   Code   RO          482    i.StartTask_200HZ   freertos.o
    0x08004590   0x00000030   Code   RO          483    i.StartTask_5HZ     freertos.o
    0x080045c0   0x0000006c   Code   RO          484    i.StartTask_Interaction  freertos.o
    0x0800462c   0x00000188   Code   RO         5200    i.Submenu_Display_Parameter  oled_show.o
    0x080047b4   0x00000108   Code   RO         5201    i.Submenu_Set_NetMode  oled_show.o
    0x080048bc   0x00000100   Code   RO         5202    i.Submenu_Set_Speed  oled_show.o
    0x080049bc   0x0000012c   Code   RO         5203    i.Submenu_Set_WorkMode  oled_show.o
    0x08004ae8   0x00000004   Code   RO          190    i.SysTick_Handler   stm32f4xx_it.o
    0x08004aec   0x000000a0   Code   RO          421    i.SystemClock_Config  main.o
    0x08004b8c   0x00000054   Code   RO         1851    i.SystemInit        system_stm32f4xx.o
    0x08004be0   0x0000000c   Code   RO          191    i.TIM6_DAC_IRQHandler  stm32f4xx_it.o
    0x08004bec   0x0000000c   Code   RO          192    i.TIM7_IRQHandler   stm32f4xx_it.o
    0x08004bf8   0x000000c0   Code   RO         3138    i.TIM_Base_SetConfig  stm32f4xx_hal_tim.o
    0x08004cb8   0x00000016   Code   RO         3139    i.TIM_CCxChannelCmd  stm32f4xx_hal_tim.o
    0x08004cce   0x00000002   PAD
    0x08004cd0   0x00000058   Code   RO         3147    i.TIM_OC1_SetConfig  stm32f4xx_hal_tim.o
    0x08004d28   0x00000064   Code   RO         3148    i.TIM_OC2_SetConfig  stm32f4xx_hal_tim.o
    0x08004d8c   0x00000060   Code   RO         3149    i.TIM_OC3_SetConfig  stm32f4xx_hal_tim.o
    0x08004dec   0x00000050   Code   RO         3150    i.TIM_OC4_SetConfig  stm32f4xx_hal_tim.o
    0x08004e3c   0x000000ac   Code   RO         5020    i.Task_State        car_system.o
    0x08004ee8   0x00000064   Code   RO         4796    i.Turn_off          contrl.o
    0x08004f4c   0x00000010   Code   RO         1944    i.UART_DMAAbortOnError  stm32f4xx_hal_uart.o
    0x08004f5c   0x0000004a   Code   RO         1945    i.UART_DMAError     stm32f4xx_hal_uart.o
    0x08004fa6   0x0000003c   Code   RO         1946    i.UART_DMAReceiveCplt  stm32f4xx_hal_uart.o
    0x08004fe2   0x0000000a   Code   RO         1948    i.UART_DMARxHalfCplt  stm32f4xx_hal_uart.o
    0x08004fec   0x0000001c   Code   RO         1954    i.UART_EndRxTransfer  stm32f4xx_hal_uart.o
    0x08005008   0x00000012   Code   RO         1955    i.UART_EndTxTransfer  stm32f4xx_hal_uart.o
    0x0800501a   0x0000008c   Code   RO         1956    i.UART_Receive_IT   stm32f4xx_hal_uart.o
    0x080050a6   0x00000002   PAD
    0x080050a8   0x000002ac   Code   RO         1957    i.UART_SetConfig    stm32f4xx_hal_uart.o
    0x08005354   0x00000062   Code   RO         1958    i.UART_Transmit_IT  stm32f4xx_hal_uart.o
    0x080053b6   0x00000064   Code   RO         1959    i.UART_WaitOnFlagUntilTimeout  stm32f4xx_hal_uart.o
    0x0800541a   0x00000002   PAD
    0x0800541c   0x0000000c   Code   RO          193    i.USART3_IRQHandler  stm32f4xx_it.o
    0x08005428   0x00000064   Code   RO          194    i.USART6_IRQHandler  stm32f4xx_it.o
    0x0800548c   0x00000002   Code   RO          195    i.UsageFault_Handler  stm32f4xx_it.o
    0x0800548e   0x00000002   PAD
    0x08005490   0x00000020   Code   RO         4797    i.Vertical_Ring_PD  contrl.o
    0x080054b0   0x000000b8   Code   RO         4798    i.Vertical_speed_PI  contrl.o
    0x08005568   0x00000034   Code   RO         4799    i.Vertical_turn_PD  contrl.o
    0x0800559c   0x00000002   Code   RO          422    i._Error_Handler    main.o
    0x0800559e   0x00000002   PAD
    0x080055a0   0x00000020   Code   RO         6089    i.__0printf         mc_w.l(printfa.o)
    0x080055c0   0x00000028   Code   RO         6091    i.__0sprintf        mc_w.l(printfa.o)
    0x080055e8   0x00000030   Code   RO         6165    i.__ARM_fpclassify  m_wm.l(fpclassify.o)
    0x08005618   0x00000360   Code   RO         5811    i.__hardfp_asin     m_wm.l(asin.o)
    0x08005978   0x000002d8   Code   RO         6131    i.__hardfp_atan     m_wm.l(atan.o)
    0x08005c50   0x000001f0   Code   RO         5825    i.__hardfp_atan2    m_wm.l(atan2.o)
    0x08005e40   0x000000f8   Code   RO         6167    i.__kernel_poly     m_wm.l(poly.o)
    0x08005f38   0x00000014   Code   RO         6146    i.__mathlib_dbl_infnan  m_wm.l(dunder.o)
    0x08005f4c   0x00000014   Code   RO         6147    i.__mathlib_dbl_infnan2  m_wm.l(dunder.o)
    0x08005f60   0x00000020   Code   RO         6148    i.__mathlib_dbl_invalid  m_wm.l(dunder.o)
    0x08005f80   0x00000020   Code   RO         6151    i.__mathlib_dbl_underflow  m_wm.l(dunder.o)
    0x08005fa0   0x0000000e   Code   RO         6231    i.__scatterload_copy  mc_w.l(handlers.o)
    0x08005fae   0x00000002   Code   RO         6232    i.__scatterload_null  mc_w.l(handlers.o)
    0x08005fb0   0x0000000e   Code   RO         6233    i.__scatterload_zeroinit  mc_w.l(handlers.o)
    0x08005fbe   0x00000002   PAD
    0x08005fc0   0x0000000c   Code   RO         6207    i.__set_errno       mc_w.l(errno.o)
    0x08005fcc   0x00000184   Code   RO         6096    i._fp_digits        mc_w.l(printfa.o)
    0x08006150   0x000006dc   Code   RO         6097    i._printf_core      mc_w.l(printfa.o)
    0x0800682c   0x00000024   Code   RO         6098    i._printf_post_padding  mc_w.l(printfa.o)
    0x08006850   0x0000002e   Code   RO         6099    i._printf_pre_padding  mc_w.l(printfa.o)
    0x0800687e   0x0000000a   Code   RO         6101    i._sputc            mc_w.l(printfa.o)
    0x08006888   0x00000010   Code   RO         6133    i.atan              m_wm.l(atan.o)
    0x08006898   0x0000001a   Code   RO         4407    i.delay_ms          delay.o
    0x080068b2   0x00000002   PAD
    0x080068b4   0x00000034   Code   RO         4408    i.delay_us          delay.o
    0x080068e8   0x0000003a   Code   RO         5579    i.dmp_enable_6x_lp_quat  inv_mpu_dmp_motion_driver.o
    0x08006922   0x00000002   PAD
    0x08006924   0x000001d8   Code   RO         5580    i.dmp_enable_feature  inv_mpu_dmp_motion_driver.o
    0x08006afc   0x0000003c   Code   RO         5581    i.dmp_enable_gyro_cal  inv_mpu_dmp_motion_driver.o
    0x08006b38   0x0000003a   Code   RO         5582    i.dmp_enable_lp_quat  inv_mpu_dmp_motion_driver.o
    0x08006b72   0x00000002   PAD
    0x08006b74   0x00000014   Code   RO         5587    i.dmp_load_motion_driver_firmware  inv_mpu_dmp_motion_driver.o
    0x08006b88   0x00000148   Code   RO         5588    i.dmp_read_fifo     inv_mpu_dmp_motion_driver.o
    0x08006cd0   0x00000064   Code   RO         5592    i.dmp_set_fifo_rate  inv_mpu_dmp_motion_driver.o
    0x08006d34   0x0000010c   Code   RO         5595    i.dmp_set_orientation  inv_mpu_dmp_motion_driver.o
    0x08006e40   0x00000030   Code   RO         5598    i.dmp_set_shake_reject_thresh  inv_mpu_dmp_motion_driver.o
    0x08006e70   0x00000020   Code   RO         5599    i.dmp_set_shake_reject_time  inv_mpu_dmp_motion_driver.o
    0x08006e90   0x00000020   Code   RO         5600    i.dmp_set_shake_reject_timeout  inv_mpu_dmp_motion_driver.o
    0x08006eb0   0x00000040   Code   RO         5601    i.dmp_set_tap_axes  inv_mpu_dmp_motion_driver.o
    0x08006ef0   0x00000022   Code   RO         5602    i.dmp_set_tap_count  inv_mpu_dmp_motion_driver.o
    0x08006f12   0x00000002   PAD
    0x08006f14   0x00000160   Code   RO         5603    i.dmp_set_tap_thresh  inv_mpu_dmp_motion_driver.o
    0x08007074   0x00000020   Code   RO         5604    i.dmp_set_tap_time  inv_mpu_dmp_motion_driver.o
    0x08007094   0x00000020   Code   RO         5605    i.dmp_set_tap_time_multi  inv_mpu_dmp_motion_driver.o
    0x080070b4   0x00000018   Code   RO         6161    i.fabs              m_wm.l(fabs.o)
    0x080070cc   0x00000010   Code   RO          423    i.fputc             main.o
    0x080070dc   0x00000022   Code   RO         5764    i.inv_orientation_matrix_to_scalar  inv_mpu_user.o
    0x080070fe   0x00000048   Code   RO         5765    i.inv_row_2_scale   inv_mpu_user.o
    0x08007146   0x00000002   PAD
    0x08007148   0x0000009c   Code   RO          424    i.main              main.o
    0x080071e4   0x0000000c   Code   RO         1468    i.makeFreeRtosPriority  cmsis_os.o
    0x080071f0   0x00000002   Code   RO         5282    i.mget_ms           inv_mpu.o
    0x080071f2   0x00000002   PAD
    0x080071f4   0x00000054   Code   RO         5283    i.mpu_configure_fifo  inv_mpu.o
    0x08007248   0x000001a0   Code   RO         5766    i.mpu_dmp_get_data  inv_mpu_user.o
    0x080073e8   0x000000ac   Code   RO         5767    i.mpu_dmp_init      inv_mpu_user.o
    0x08007494   0x0000003c   Code   RO         5284    i.mpu_get_accel_fsr  inv_mpu.o
    0x080074d0   0x00000188   Code   RO         5300    i.mpu_init          inv_mpu.o
    0x08007658   0x000000a0   Code   RO         5301    i.mpu_load_firmware  inv_mpu.o
    0x080076f8   0x000000b8   Code   RO         5302    i.mpu_lp_accel_mode  inv_mpu.o
    0x080077b0   0x00000090   Code   RO         5305    i.mpu_read_fifo_stream  inv_mpu.o
    0x08007840   0x00000054   Code   RO         5306    i.mpu_read_mem      inv_mpu.o
    0x08007894   0x00000160   Code   RO         5309    i.mpu_reset_fifo    inv_mpu.o
    0x080079f4   0x00000068   Code   RO         5312    i.mpu_set_accel_fsr  inv_mpu.o
    0x08007a5c   0x000000dc   Code   RO         5313    i.mpu_set_bypass    inv_mpu.o
    0x08007b38   0x00000078   Code   RO         5315    i.mpu_set_dmp_state  inv_mpu.o
    0x08007bb0   0x0000006c   Code   RO         5316    i.mpu_set_gyro_fsr  inv_mpu.o
    0x08007c1c   0x00000064   Code   RO         5317    i.mpu_set_int_latched  inv_mpu.o
    0x08007c80   0x0000006c   Code   RO         5319    i.mpu_set_lpf       inv_mpu.o
    0x08007cec   0x00000080   Code   RO         5320    i.mpu_set_sample_rate  inv_mpu.o
    0x08007d6c   0x000000b8   Code   RO         5321    i.mpu_set_sensors   inv_mpu.o
    0x08007e24   0x00000054   Code   RO         5322    i.mpu_write_mem     inv_mpu.o
    0x08007e78   0x000000bc   Code   RO         5076    i.oled_GPIO_Init    oled.o
    0x08007f34   0x0000000e   Code   RO         5077    i.oled_Init         oled.o
    0x08007f42   0x000000fa   Code   RO         5078    i.oled_Mode_Init    oled.o
    0x0800803c   0x0000013c   Code   RO         5204    i.oled_Show         oled_show.o
    0x08008178   0x00000010   Code   RO         5079    i.oled_pow          oled.o
    0x08008188   0x0000000e   Code   RO         1470    i.osDelay           cmsis_os.o
    0x08008196   0x0000000a   Code   RO         1473    i.osKernelStart     cmsis_os.o
    0x080081a0   0x00000014   Code   RO         1506    i.osSystickHandler  cmsis_os.o
    0x080081b4   0x0000002e   Code   RO         1507    i.osThreadCreate    cmsis_os.o
    0x080081e2   0x00000002   PAD
    0x080081e4   0x00000054   Code   RO         4947    i.package_report_data  connect.o
    0x08008238   0x00000070   Code   RO          843    i.prvAddCurrentTaskToDelayedList  tasks.o
    0x080082a8   0x000000d0   Code   RO          844    i.prvAddNewTaskToReadyList  tasks.o
    0x08008378   0x00000050   Code   RO          845    i.prvCheckTasksWaitingTermination  tasks.o
    0x080083c8   0x00000026   Code   RO         1292    i.prvCopyDataFromQueue  queue.o
    0x080083ee   0x0000006c   Code   RO         1293    i.prvCopyDataToQueue  queue.o
    0x0800845a   0x00000014   Code   RO          846    i.prvDeleteTCB      tasks.o
    0x0800846e   0x00000002   PAD
    0x08008470   0x0000004c   Code   RO          772    i.prvHeapInit       heap_4.o
    0x080084bc   0x00000028   Code   RO          847    i.prvIdleTask       tasks.o
    0x080084e4   0x0000008e   Code   RO          848    i.prvInitialiseNewTask  tasks.o
    0x08008572   0x00000002   PAD
    0x08008574   0x0000004c   Code   RO          773    i.prvInsertBlockIntoFreeList  heap_4.o
    0x080085c0   0x0000001c   Code   RO         1294    i.prvIsQueueEmpty   queue.o
    0x080085dc   0x00000020   Code   RO          849    i.prvResetNextTaskUnblockTime  tasks.o
    0x080085fc   0x00000028   Code   RO         1138    i.prvTaskExitError  port.o
    0x08008624   0x0000006a   Code   RO         1295    i.prvUnlockQueue    queue.o
    0x0800868e   0x00000002   PAD
    0x08008690   0x000000d8   Code   RO          774    i.pvPortMalloc      heap_4.o
    0x08008768   0x00000018   Code   RO          851    i.pvTaskIncrementMutexHeldCount  tasks.o
    0x08008780   0x0000002c   Code   RO         1139    i.pxPortInitialiseStack  port.o
    0x080087ac   0x00000058   Code   RO         5323    i.set_int_enable    inv_mpu.o
    0x08008804   0x0000006e   Code   RO         6172    i.sqrt              m_wm.l(sqrt.o)
    0x08008872   0x00000002   PAD
    0x08008874   0x00000024   Code   RO         4870    i.uart_data_send    esp32.o
    0x08008898   0x00000024   Code   RO         1428    i.uxListRemove      list.o
    0x080088bc   0x00000016   Code   RO         1429    i.vListInitialise   list.o
    0x080088d2   0x00000006   Code   RO         1430    i.vListInitialiseItem  list.o
    0x080088d8   0x00000030   Code   RO         1431    i.vListInsert       list.o
    0x08008908   0x00000018   Code   RO         1432    i.vListInsertEnd    list.o
    0x08008920   0x00000040   Code   RO         1141    i.vPortEnterCritical  port.o
    0x08008960   0x00000028   Code   RO         1142    i.vPortExitCritical  port.o
    0x08008988   0x0000005c   Code   RO          775    i.vPortFree         heap_4.o
    0x080089e4   0x00000020   Code   RO         1143    i.vPortSetupTimerInterrupt  port.o
    0x08008a04   0x00000054   Code   RO         1144    i.vPortValidateInterruptPriority  port.o
    0x08008a58   0x0000004c   Code   RO          857    i.vTaskDelay        tasks.o
    0x08008aa4   0x0000000c   Code   RO          860    i.vTaskMissedYield  tasks.o
    0x08008ab0   0x00000030   Code   RO          862    i.vTaskPlaceOnEventList  tasks.o
    0x08008ae0   0x00000084   Code   RO          864    i.vTaskPriorityInherit  tasks.o
    0x08008b64   0x00000024   Code   RO          867    i.vTaskSetTimeOutState  tasks.o
    0x08008b88   0x00000068   Code   RO          868    i.vTaskStartScheduler  tasks.o
    0x08008bf0   0x00000010   Code   RO          870    i.vTaskSuspendAll   tasks.o
    0x08008c00   0x0000005c   Code   RO          871    i.vTaskSwitchContext  tasks.o
    0x08008c5c   0x000000e0   Code   RO         1145    i.xPortStartScheduler  port.o
    0x08008d3c   0x0000002c   Code   RO         1146    i.xPortSysTickHandler  port.o
    0x08008d68   0x00000048   Code   RO         1303    i.xQueueGenericCreate  queue.o
    0x08008db0   0x0000016c   Code   RO         1304    i.xQueueGenericReceive  queue.o
    0x08008f1c   0x00000088   Code   RO         1305    i.xQueueGenericReset  queue.o
    0x08008fa4   0x000000bc   Code   RO         1307    i.xQueueGenericSendFromISR  queue.o
    0x08009060   0x0000006c   Code   RO          872    i.xTaskCheckForTimeOut  tasks.o
    0x080090cc   0x00000056   Code   RO          873    i.xTaskCreate       tasks.o
    0x08009122   0x00000002   PAD
    0x08009124   0x0000001c   Code   RO          877    i.xTaskGetSchedulerState  tasks.o
    0x08009140   0x000000c8   Code   RO          880    i.xTaskIncrementTick  tasks.o
    0x08009208   0x00000098   Code   RO          883    i.xTaskPriorityDisinherit  tasks.o
    0x080092a0   0x00000074   Code   RO          884    i.xTaskRemoveFromEventList  tasks.o
    0x08009314   0x000000c4   Code   RO          886    i.xTaskResumeAll    tasks.o
    0x080093d8   0x00000050   Data   RO          486    .constdata          freertos.o
    0x08009428   0x00000010   Data   RO         1852    .constdata          system_stm32f4xx.o
    0x08009438   0x00000008   Data   RO         1853    .constdata          system_stm32f4xx.o
    0x08009440   0x00000008   Data   RO         2895    .constdata          stm32f4xx_hal_dma.o
    0x08009448   0x00000818   Data   RO         5081    .constdata          oled.o
    0x08009c60   0x0000001b   Data   RO         5324    .constdata          inv_mpu.o
    0x08009c7b   0x00000001   PAD
    0x08009c7c   0x0000000c   Data   RO         5325    .constdata          inv_mpu.o
    0x08009c88   0x00000028   Data   RO         5326    .constdata          inv_mpu.o
    0x08009cb0   0x00000bf6   Data   RO         5607    .constdata          inv_mpu_dmp_motion_driver.o
    0x0800a8a6   0x00000002   PAD
    0x0800a8a8   0x00000050   Data   RO         5814    .constdata          m_wm.l(asin.o)
    0x0800a8f8   0x00000098   Data   RO         6134    .constdata          m_wm.l(atan.o)
    0x0800a990   0x00000008   Data   RO         6169    .constdata          m_wm.l(qnan.o)
    0x0800a998   0x00000034   Data   RO          487    .conststring        freertos.o
    0x0800a9cc   0x0000018a   Data   RO         4872    .conststring        esp32.o
    0x0800ab56   0x00000002   PAD
    0x0800ab58   0x0000004d   Data   RO         5327    .conststring        inv_mpu.o
    0x0800aba5   0x00000003   PAD
    0x0800aba8   0x00000020   Data   RO         6229    Region$$Table       anon$$obj.o


    Execution Region RW_IRAM1 (Base: 0x20000000, Size: 0x00005480, Max: 0x00020000, ABSOLUTE, COMPRESSED[0x000004a8])

    Base Addr    Size         Type   Attr      Idx    E Section Name        Object

    0x20000000   0x00000008   Data   RW          196    .data               stm32f4xx_it.o
    0x20000008   0x00000014   Data   RW          488    .data               freertos.o
    0x2000001c   0x00000018   Data   RW          780    .data               heap_4.o
    0x20000034   0x0000003c   Data   RW          889    .data               tasks.o
    0x20000070   0x0000000c   Data   RW         1147    .data               port.o
    0x2000007c   0x00000004   Data   RW         1854    .data               system_stm32f4xx.o
    0x20000080   0x0000000c   Data   RW         2616    .data               stm32f4xx_hal.o
    0x2000008c   0x00000001   Data   RW         4409    .data               delay.o
    0x2000008d   0x00000003   PAD
    0x20000090   0x00000034   Data   RW         4614    .data               car_task.o
    0x200000c4   0x00000001   Data   RW         4615    .data               car_task.o
    0x200000c5   0x00000003   PAD
    0x200000c8   0x0000003c   Data   RW         4800    .data               contrl.o
    0x20000104   0x000000fc   Data   RW         4873    .data               esp32.o
    0x20000200   0x00000025   Data   RW         4949    .data               connect.o
    0x20000225   0x00000a40   Data   RW         5082    .data               oled.o
    0x20000c65   0x00000003   PAD
    0x20000c68   0x00000098   Data   RW         5207    .data               oled_show.o
    0x20000d00   0x0000002c   Data   RW         5328    .data               inv_mpu.o
    0x20000d2c   0x00000015   Data   RW         5769    .data               inv_mpu_user.o
    0x20000d41   0x00000003   PAD
    0x20000d44   0x00000004   Data   RW         6196    .data               mc_w.l(stdout.o)
    0x20000d48   0x00000004   Data   RW         6208    .data               mc_w.l(errno.o)
    0x20000d4c   0x0000003c   Zero   RW           16    .bss                stm32f4xx_hal_timebase_tim.o
    0x20000d88   0x00000180   Zero   RW          368    .bss                usart.o
    0x20000f08   0x00000100   Zero   RW          485    .bss                freertos.o
    0x20001008   0x0000012c   Zero   RW          625    .bss                tim.o
    0x20001134   0x00000048   Zero   RW          736    .bss                adc.o
    0x2000117c   0x00003c00   Zero   RW          779    .bss                heap_4.o
    0x20004d7c   0x000000f0   Zero   RW          888    .bss                tasks.o
    0x20004e6c   0x00000018   Zero   RW         4613    .bss                car_task.o
    0x20004e84   0x00000100   Zero   RW         4871    .bss                esp32.o
    0x20004f84   0x0000007e   Zero   RW         4948    .bss                connect.o
    0x20005002   0x00000050   Zero   RW         5205    .bss                oled_show.o
    0x20005052   0x00000002   PAD
    0x20005054   0x00000010   Zero   RW         5606    .bss                inv_mpu_dmp_motion_driver.o
    0x20005064   0x00000018   Zero   RW         5768    .bss                inv_mpu_user.o
    0x2000507c   0x00000004   PAD
    0x20005080   0x00000400   Zero   RW            1    STACK               startup_stm32f407xx.o


==============================================================================

Image component sizes


      Code (inc. data)   RO Data    RW Data    ZI Data      Debug   Object Name

       180         42          0          0         72       1873   adc.o
       344         42          0          0          0       2149   car_system.o
       282         24          0         53         24       4392   car_task.o
       102          0          0          0          0      13932   cmsis_os.o
      1568        144          0         37        126       8996   connect.o
       674        102          0         60          0       6532   contrl.o
       120          4          0          1          0       3242   delay.o
        76          4          0          0          0        934   dma.o
       684        148        394        252        256       6788   esp32.o
       296         56        132         20        256       5216   freertos.o
       368         28          0          0          0       1243   gpio.o
       460         24          0         24      15360       9291   heap_4.o
       740        112          0          0          0       5554   i2c.o
      2706        172        156         44          0      20683   inv_mpu.o
      1990        120       3062          0         16      19833   inv_mpu_dmp_motion_driver.o
       694         36          0         21         24       5772   inv_mpu_user.o
       136          0          0          0          0       3954   list.o
       382         72          0          0          0       3818   main.o
       582         32          0          0          0       6921   mpu6050.o
      1842         74       2072       2624          0      12560   oled.o
      2144        290          0        152         80       7965   oled_show.o
       758         84          0         12          0      12709   port.o
      1040          8          0          0          0      11257   queue.o
        36          8        392          0       1024        892   startup_stm32f407xx.o
       116         18          0         12          0       4306   stm32f4xx_hal.o
      1064         46          0          0          0       5682   stm32f4xx_hal_adc.o
       218         14          0          0          0      31517   stm32f4xx_hal_cortex.o
      1090         16          8          0          0       7982   stm32f4xx_hal_dma.o
       484         50          0          0          0       4731   stm32f4xx_hal_gpio.o
        88          0          0          0          0        590   stm32f4xx_hal_msp.o
      1336         92          0          0          0       6837   stm32f4xx_hal_rcc.o
      1584         88          0          0          0      15972   stm32f4xx_hal_tim.o
        84          0          0          0          0       2686   stm32f4xx_hal_tim_ex.o
       116         16          0          0         60     696192   stm32f4xx_hal_timebase_tim.o
      2030         28          0          0          0      14837   stm32f4xx_hal_uart.o
       322         80          0          8          0      32893   stm32f4xx_it.o
        84         18         24          4          0       1363   system_stm32f4xx.o
      2060        172          0         60        240      32361   tasks.o
       900        178          0          0        300       6768   tim.o
       564        130          0          0        384       3562   usart.o

    ----------------------------------------------------------------------
     30408       2572       6280       3396      18228    1044785   Object Totals
         0          0         32          0          0          0   (incl. Generated)
        64          0          8         12          6          0   (incl. Padding)

    ----------------------------------------------------------------------

      Code (inc. data)   RO Data    RW Data    ZI Data      Debug   Library Member Name

       864         94         80          0          0        280   asin.o
       744        106        152          0          0        352   atan.o
       496         64          0          0          0        192   atan2.o
       104         16          0          0          0        496   dunder.o
        24          0          0          0          0        124   fabs.o
        48          0          0          0          0        124   fpclassify.o
       248          0          0          0          0        152   poly.o
         0          0          8          0          0          0   qnan.o
       110          0          0          0          0        148   sqrt.o
        94          0          0          0          0          0   __dclz77c.o
         0          0          0          0          0          0   entry.o
         0          0          0          0          0          0   entry10a.o
         0          0          0          0          0          0   entry11a.o
         8          4          0          0          0          0   entry2.o
         4          0          0          0          0          0   entry5.o
         0          0          0          0          0          0   entry7b.o
         0          0          0          0          0          0   entry8b.o
         8          4          0          0          0          0   entry9a.o
        12          6          0          4          0         68   errno.o
        30          0          0          0          0          0   handlers.o
        36          8          0          0          0         68   init.o
         0          0          0          0          0          0   iusefp.o
        30          0          0          0          0         68   llshl.o
        36          0          0          0          0         68   llsshr.o
        32          0          0          0          0         68   llushr.o
        26          0          0          0          0         80   memcmp.o
        36          0          0          0          0         68   memcpya.o
        36          0          0          0          0        108   memseta.o
      2308         96          0          0          0        604   printfa.o
         0          0          0          4          0          0   stdout.o
        14          0          0          0          0         68   strlen.o
        36          0          0          0          0         80   strstr.o
        44          0          0          0          0         80   uidiv.o
        98          0          0          0          0         92   uldiv.o
        48          0          0          0          0         68   cdrcmple.o
        56          0          0          0          0         88   d2f.o
       334          0          0          0          0        148   dadd.o
       222          0          0          0          0        100   ddiv.o
       186          0          0          0          0        176   depilogue.o
        50          0          0          0          0         76   dfixui.o
        48          0          0          0          0         68   dfixul.o
        34          0          0          0          0         76   dflti.o
       228          0          0          0          0         96   dmul.o
       162          0          0          0          0        100   dsqrt.o
        38          0          0          0          0         68   f2d.o
       110          0          0          0          0        168   fepilogue.o

    ----------------------------------------------------------------------
      7048        398        240          8          0       4620   Library Totals
         6          0          0          0          0          0   (incl. Padding)

    ----------------------------------------------------------------------

      Code (inc. data)   RO Data    RW Data    ZI Data      Debug   Library Name

      2638        280        240          0          0       1868   m_wm.l
      2888        118          0          8          0       1520   mc_w.l
      1516          0          0          0          0       1232   mf_w.l

    ----------------------------------------------------------------------
      7048        398        240          8          0       4620   Library Totals

    ----------------------------------------------------------------------

==============================================================================


      Code (inc. data)   RO Data    RW Data    ZI Data      Debug   

     37456       2970       6520       3404      18228    1019133   Grand Totals
     37456       2970       6520       1192      18228    1019133   ELF Image Totals (compressed)
     37456       2970       6520       1192          0          0   ROM Totals

==============================================================================

    Total RO  Size (Code + RO Data)                43976 (  42.95kB)
    Total RW  Size (RW Data + ZI Data)             21632 (  21.13kB)
    Total ROM Size (Code + RO Data + RW Data)      45168 (  44.11kB)

==============================================================================

